
> inventory-frontend@0.1.0 build
> react-scripts build

Creating an optimized production build...
Failed to compile.

TS2322: Type '{ onSubmit: Mock<any, any>; }' is not assignable to type 'IntrinsicAttributes & RepairFormProps'.
  Property 'onSubmit' does not exist on type 'IntrinsicAttributes & RepairFormProps'.
  [0m [90m 11 |[39m   test([32m'should render repair form'[39m[33m,[39m () [33m=>[39m {
   [90m 12 |[39m     [36mconst[39m { container } [33m=[39m render(
  [31m[1m>[22m[39m[90m 13 |[39m       [33m<[39m[33mRepairForm[39m onSubmit[33m=[39m{mockOnSubmit} [33m/[39m[33m>[39m
   [90m    |[39m                   [31m[1m^[22m[39m[31m[1m^[22m[39m[31m[1m^[22m[39m[31m[1m^[22m[39m[31m[1m^[22m[39m[31m[1m^[22m[39m[31m[1m^[22m[39m[31m[1m^[22m[39m
   [90m 14 |[39m     )[33m;[39m
   [90m 15 |[39m     expect(container)[33m.[39mtoBeInTheDocument()[33m;[39m
   [90m 16 |[39m   })[33m;[39m[0m


