node.exe : npm warn Unknown cli config "--watchAll". This will stop working in the next major version of npm.
At C:\Program Files\nodejs\npm.ps1:29 char:3
+   & $NODE_EXE $NPM_CLI_JS $args
+   ~~~~~~~~~~~~~~~~~~~~~~~~~~~~~
    + CategoryInfo          : NotSpecified: (npm warn Unknow...version of npm.:String) [], RemoteException
    + FullyQualifiedErrorId : NativeCommandError
 

> inventory-frontend@0.1.0 test
> react-scripts test --coverage --watchAll=false

(node:3720) [DEP0040] DeprecationWarning: The `punycode` module is deprecated. Please use a userland alternative instead.
(Use `node --trace-deprecation ...` to show where the warning was created)
FAIL src/components/RepairManagement/RepairManagement.test.tsx
  ΓùÅ RepairManagement Component ΓÇ║ should render repair management page

    useAuth must be used within an AuthProvider

    [0m [90m 23 |[39m   [36mconst[39m context [33m=[39m useContext([33mAuthContext[39m)[33m;[39m
     [90m 24 |[39m   [36mif[39m ([33m![39mcontext) {
    [31m[1m>[22m[39m[90m 25 |[39m     [36mthrow[39m [36mnew[39m [33mError[39m([32m'useAuth must be used within an AuthProvider'[39m)[33m;[39m
     [90m    |[39m           [31m[1m^[22m[39m
     [90m 26 |[39m   }
     [90m 27 |[39m   [36mreturn[39m context[33m;[39m
     [90m 28 |[39m }[33m;[39m[0m

      at useAuth (src/context/AuthContext.tsx:25:11)
      at RepairManagement (src/components/RepairManagement/RepairManagement.tsx:32:27)
      at renderWithHooks (node_modules/react-dom/cjs/react-dom.development.js:15486:18)
      at mountIndeterminateComponent (node_modules/react-dom/cjs/react-dom.development.js:20103:13)
      at beginWork (node_modules/react-dom/cjs/react-dom.development.js:21626:16)
      at beginWork$1 (node_modules/react-dom/cjs/react-dom.development.js:27465:14)
      at performUnitOfWork (node_modules/react-dom/cjs/react-dom.development.js:26599:12)
      at workLoopSync (node_modules/react-dom/cjs/react-dom.development.js:26505:5)
      at renderRootSync (node_modules/react-dom/cjs/react-dom.development.js:26473:7)
      at recoverFromConcurrentError (node_modules/react-dom/cjs/react-dom.development.js:25889:20)
      at performConcurrentWorkOnRoot (node_modules/react-dom/cjs/react-dom.development.js:25789:22)
      at flushActQueue (node_modules/react/cjs/react.development.js:2667:24)
      at act (node_modules/react/cjs/react.development.js:2582:11)
      at actWithWarning (node_modules/react-dom/cjs/react-dom-test-utils.development.js:1740:10)
      at node_modules/@testing-library/react/dist/act-compat.js:63:25
      at renderRoot (node_modules/@testing-library/react/dist/pure.js:159:26)
      at render (node_modules/@testing-library/react/dist/pure.js:246:10)
      at Object.<anonymous> (src/components/RepairManagement/RepairManagement.test.tsx:34:11)

  ΓùÅ RepairManagement Component ΓÇ║ should display repair list

    useAuth must be used within an AuthProvider

    [0m [90m 23 |[39m   [36mconst[39m context [33m=[39m useContext([33mAuthContext[39m)[33m;[39m
     [90m 24 |[39m   [36mif[39m ([33m![39mcontext) {
    [31m[1m>[22m[39m[90m 25 |[39m     [36mthrow[39m [36mnew[39m [33mError[39m([32m'useAuth must be used within an AuthProvider'[39m)[33m;[39m
     [90m    |[39m           [31m[1m^[22m[39m
     [90m 26 |[39m   }
     [90m 27 |[39m   [36mreturn[39m context[33m;[39m
     [90m 28 |[39m }[33m;[39m[0m

      at useAuth (src/context/AuthContext.tsx:25:11)
      at RepairManagement (src/components/RepairManagement/RepairManagement.tsx:32:27)
      at renderWithHooks (node_modules/react-dom/cjs/react-dom.development.js:15486:18)
      at mountIndeterminateComponent (node_modules/react-dom/cjs/react-dom.development.js:20103:13)
      at beginWork (node_modules/react-dom/cjs/react-dom.development.js:21626:16)
      at beginWork$1 (node_modules/react-dom/cjs/react-dom.development.js:27465:14)
      at performUnitOfWork (node_modules/react-dom/cjs/react-dom.development.js:26599:12)
      at workLoopSync (node_modules/react-dom/cjs/react-dom.development.js:26505:5)
      at renderRootSync (node_modules/react-dom/cjs/react-dom.development.js:26473:7)
      at recoverFromConcurrentError (node_modules/react-dom/cjs/react-dom.development.js:25889:20)
      at performConcurrentWorkOnRoot (node_modules/react-dom/cjs/react-dom.development.js:25789:22)
      at flushActQueue (node_modules/react/cjs/react.development.js:2667:24)
      at act (node_modules/react/cjs/react.development.js:2582:11)
      at actWithWarning (node_modules/react-dom/cjs/react-dom-test-utils.development.js:1740:10)
      at node_modules/@testing-library/react/dist/act-compat.js:63:25
      at renderRoot (node_modules/@testing-library/react/dist/pure.js:159:26)
      at render (node_modules/@testing-library/react/dist/pure.js:246:10)
      at Object.<anonymous> (src/components/RepairManagement/RepairManagement.test.tsx:39:11)

  ΓùÅ RepairManagement Component ΓÇ║ should display repair stats

    useAuth must be used within an AuthProvider

    [0m [90m 23 |[39m   [36mconst[39m context [33m=[39m useContext([33mAuthContext[39m)[33m;[39m
     [90m 24 |[39m   [36mif[39m ([33m![39mcontext) {
    [31m[1m>[22m[39m[90m 25 |[39m     [36mthrow[39m [36mnew[39m [33mError[39m([32m'useAuth must be used within an AuthProvider'[39m)[33m;[39m
     [90m    |[39m           [31m[1m^[22m[39m
     [90m 26 |[39m   }
     [90m 27 |[39m   [36mreturn[39m context[33m;[39m
     [90m 28 |[39m }[33m;[39m[0m

      at useAuth (src/context/AuthContext.tsx:25:11)
      at RepairManagement (src/components/RepairManagement/RepairManagement.tsx:32:27)
      at renderWithHooks (node_modules/react-dom/cjs/react-dom.development.js:15486:18)
      at mountIndeterminateComponent (node_modules/react-dom/cjs/react-dom.development.js:20103:13)
      at beginWork (node_modules/react-dom/cjs/react-dom.development.js:21626:16)
      at beginWork$1 (node_modules/react-dom/cjs/react-dom.development.js:27465:14)
      at performUnitOfWork (node_modules/react-dom/cjs/react-dom.development.js:26599:12)
      at workLoopSync (node_modules/react-dom/cjs/react-dom.development.js:26505:5)
      at renderRootSync (node_modules/react-dom/cjs/react-dom.development.js:26473:7)
      at recoverFromConcurrentError (node_modules/react-dom/cjs/react-dom.development.js:25889:20)
      at performConcurrentWorkOnRoot (node_modules/react-dom/cjs/react-dom.development.js:25789:22)
      at flushActQueue (node_modules/react/cjs/react.development.js:2667:24)
      at act (node_modules/react/cjs/react.development.js:2582:11)
      at actWithWarning (node_modules/react-dom/cjs/react-dom-test-utils.development.js:1740:10)
      at node_modules/@testing-library/react/dist/act-compat.js:63:25
      at renderRoot (node_modules/@testing-library/react/dist/pure.js:159:26)
      at render (node_modules/@testing-library/react/dist/pure.js:246:10)
      at Object.<anonymous> (src/components/RepairManagement/RepairManagement.test.tsx:44:11)

  ΓùÅ RepairManagement Component ΓÇ║ should display repair chart

    useAuth must be used within an AuthProvider

    [0m [90m 23 |[39m   [36mconst[39m context [33m=[39m useContext([33mAuthContext[39m)[33m;[39m
     [90m 24 |[39m   [36mif[39m ([33m![39mcontext) {
    [31m[1m>[22m[39m[90m 25 |[39m     [36mthrow[39m [36mnew[39m [33mError[39m([32m'useAuth must be used within an AuthProvider'[39m)[33m;[39m
     [90m    |[39m           [31m[1m^[22m[39m
     [90m 26 |[39m   }
     [90m 27 |[39m   [36mreturn[39m context[33m;[39m
     [90m 28 |[39m }[33m;[39m[0m

      at useAuth (src/context/AuthContext.tsx:25:11)
      at RepairManagement (src/components/RepairManagement/RepairManagement.tsx:32:27)
      at renderWithHooks (node_modules/react-dom/cjs/react-dom.development.js:15486:18)
      at mountIndeterminateComponent (node_modules/react-dom/cjs/react-dom.development.js:20103:13)
      at beginWork (node_modules/react-dom/cjs/react-dom.development.js:21626:16)
      at beginWork$1 (node_modules/react-dom/cjs/react-dom.development.js:27465:14)
      at performUnitOfWork (node_modules/react-dom/cjs/react-dom.development.js:26599:12)
      at workLoopSync (node_modules/react-dom/cjs/react-dom.development.js:26505:5)
      at renderRootSync (node_modules/react-dom/cjs/react-dom.development.js:26473:7)
      at recoverFromConcurrentError (node_modules/react-dom/cjs/react-dom.development.js:25889:20)
      at performConcurrentWorkOnRoot (node_modules/react-dom/cjs/react-dom.development.js:25789:22)
      at flushActQueue (node_modules/react/cjs/react.development.js:2667:24)
      at act (node_modules/react/cjs/react.development.js:2582:11)
      at actWithWarning (node_modules/react-dom/cjs/react-dom-test-utils.development.js:1740:10)
      at node_modules/@testing-library/react/dist/act-compat.js:63:25
      at renderRoot (node_modules/@testing-library/react/dist/pure.js:159:26)
      at render (node_modules/@testing-library/react/dist/pure.js:246:10)
      at Object.<anonymous> (src/components/RepairManagement/RepairManagement.test.tsx:49:11)

  ΓùÅ RepairManagement Component ΓÇ║ should render all child components

    useAuth must be used within an AuthProvider

    [0m [90m 23 |[39m   [36mconst[39m context [33m=[39m useContext([33mAuthContext[39m)[33m;[39m
     [90m 24 |[39m   [36mif[39m ([33m![39mcontext) {
    [31m[1m>[22m[39m[90m 25 |[39m     [36mthrow[39m [36mnew[39m [33mError[39m([32m'useAuth must be used within an AuthProvider'[39m)[33m;[39m
     [90m    |[39m           [31m[1m^[22m[39m
     [90m 26 |[39m   }
     [90m 27 |[39m   [36mreturn[39m context[33m;[39m
     [90m 28 |[39m }[33m;[39m[0m

      at useAuth (src/context/AuthContext.tsx:25:11)
      at RepairManagement (src/components/RepairManagement/RepairManagement.tsx:32:27)
      at renderWithHooks (node_modules/react-dom/cjs/react-dom.development.js:15486:18)
      at mountIndeterminateComponent (node_modules/react-dom/cjs/react-dom.development.js:20103:13)
      at beginWork (node_modules/react-dom/cjs/react-dom.development.js:21626:16)
      at beginWork$1 (node_modules/react-dom/cjs/react-dom.development.js:27465:14)
      at performUnitOfWork (node_modules/react-dom/cjs/react-dom.development.js:26599:12)
      at workLoopSync (node_modules/react-dom/cjs/react-dom.development.js:26505:5)
      at renderRootSync (node_modules/react-dom/cjs/react-dom.development.js:26473:7)
      at recoverFromConcurrentError (node_modules/react-dom/cjs/react-dom.development.js:25889:20)
      at performConcurrentWorkOnRoot (node_modules/react-dom/cjs/react-dom.development.js:25789:22)
      at flushActQueue (node_modules/react/cjs/react.development.js:2667:24)
      at act (node_modules/react/cjs/react.development.js:2582:11)
      at actWithWarning (node_modules/react-dom/cjs/react-dom-test-utils.development.js:1740:10)
      at node_modules/@testing-library/react/dist/act-compat.js:63:25
      at renderRoot (node_modules/@testing-library/react/dist/pure.js:159:26)
      at render (node_modules/@testing-library/react/dist/pure.js:246:10)
      at Object.<anonymous> (src/components/RepairManagement/RepairManagement.test.tsx:54:33)

  ΓùÅ RepairManagement Component ΓÇ║ should render without crashing

    useAuth must be used within an AuthProvider

    [0m [90m 23 |[39m   [36mconst[39m context [33m=[39m useContext([33mAuthContext[39m)[33m;[39m
     [90m 24 |[39m   [36mif[39m ([33m![39mcontext) {
    [31m[1m>[22m[39m[90m 25 |[39m     [36mthrow[39m [36mnew[39m [33mError[39m([32m'useAuth must be used within an AuthProvider'[39m)[33m;[39m
     [90m    |[39m           [31m[1m^[22m[39m
     [90m 26 |[39m   }
     [90m 27 |[39m   [36mreturn[39m context[33m;[39m
     [90m 28 |[39m }[33m;[39m[0m

      at useAuth (src/context/AuthContext.tsx:25:11)
      at RepairManagement (src/components/RepairManagement/RepairManagement.tsx:32:27)
      at renderWithHooks (node_modules/react-dom/cjs/react-dom.development.js:15486:18)
      at mountIndeterminateComponent (node_modules/react-dom/cjs/react-dom.development.js:20103:13)
      at beginWork (node_modules/react-dom/cjs/react-dom.development.js:21626:16)
      at beginWork$1 (node_modules/react-dom/cjs/react-dom.development.js:27465:14)
      at performUnitOfWork (node_modules/react-dom/cjs/react-dom.development.js:26599:12)
      at workLoopSync (node_modules/react-dom/cjs/react-dom.development.js:26505:5)
      at renderRootSync (node_modules/react-dom/cjs/react-dom.development.js:26473:7)
      at recoverFromConcurrentError (node_modules/react-dom/cjs/react-dom.development.js:25889:20)
      at performConcurrentWorkOnRoot (node_modules/react-dom/cjs/react-dom.development.js:25789:22)
      at flushActQueue (node_modules/react/cjs/react.development.js:2667:24)
      at act (node_modules/react/cjs/react.development.js:2582:11)
      at actWithWarning (node_modules/react-dom/cjs/react-dom-test-utils.development.js:1740:10)
      at node_modules/@testing-library/react/dist/act-compat.js:63:25
      at renderRoot (node_modules/@testing-library/react/dist/pure.js:159:26)
      at render (node_modules/@testing-library/react/dist/pure.js:246:10)
      at Object.<anonymous> (src/components/RepairManagement/RepairManagement.test.tsx:62:33)

  ΓùÅ RepairManagement Component ΓÇ║ should have proper component structure

    useAuth must be used within an AuthProvider

    [0m [90m 23 |[39m   [36mconst[39m context [33m=[39m useContext([33mAuthContext[39m)[33m;[39m
     [90m 24 |[39m   [36mif[39m ([33m![39mcontext) {
    [31m[1m>[22m[39m[90m 25 |[39m     [36mthrow[39m [36mnew[39m [33mError[39m([32m'useAuth must be used within an AuthProvider'[39m)[33m;[39m
     [90m    |[39m           [31m[1m^[22m[39m
     [90m 26 |[39m   }
     [90m 27 |[39m   [36mreturn[39m context[33m;[39m
     [90m 28 |[39m }[33m;[39m[0m

      at useAuth (src/context/AuthContext.tsx:25:11)
      at RepairManagement (src/components/RepairManagement/RepairManagement.tsx:32:27)
      at renderWithHooks (node_modules/react-dom/cjs/react-dom.development.js:15486:18)
      at mountIndeterminateComponent (node_modules/react-dom/cjs/react-dom.development.js:20103:13)
      at beginWork (node_modules/react-dom/cjs/react-dom.development.js:21626:16)
      at beginWork$1 (node_modules/react-dom/cjs/react-dom.development.js:27465:14)
      at performUnitOfWork (node_modules/react-dom/cjs/react-dom.development.js:26599:12)
      at workLoopSync (node_modules/react-dom/cjs/react-dom.development.js:26505:5)
      at renderRootSync (node_modules/react-dom/cjs/react-dom.development.js:26473:7)
      at recoverFromConcurrentError (node_modules/react-dom/cjs/react-dom.development.js:25889:20)
      at performConcurrentWorkOnRoot (node_modules/react-dom/cjs/react-dom.development.js:25789:22)
      at flushActQueue (node_modules/react/cjs/react.development.js:2667:24)
      at act (node_modules/react/cjs/react.development.js:2582:11)
      at actWithWarning (node_modules/react-dom/cjs/react-dom-test-utils.development.js:1740:10)
      at node_modules/@testing-library/react/dist/act-compat.js:63:25
      at renderRoot (node_modules/@testing-library/react/dist/pure.js:159:26)
      at render (node_modules/@testing-library/react/dist/pure.js:246:10)
      at Object.<anonymous> (src/components/RepairManagement/RepairManagement.test.tsx:67:33)

(node:2316) [DEP0040] DeprecationWarning: The `punycode` module is deprecated. Please use a userland alternative instead.
(Use `node --trace-deprecation ...` to show where the warning was created)
FAIL src/components/TransactionManagement/TransactionManagement.test.tsx
  ΓùÅ TransactionManagement Component ΓÇ║ should render transaction management page

    useAuth must be used within an AuthProvider

    [0m [90m 23 |[39m   [36mconst[39m context [33m=[39m useContext([33mAuthContext[39m)[33m;[39m
     [90m 24 |[39m   [36mif[39m ([33m![39mcontext) {
    [31m[1m>[22m[39m[90m 25 |[39m     [36mthrow[39m [36mnew[39m [33mError[39m([32m'useAuth must be used within an AuthProvider'[39m)[33m;[39m
     [90m    |[39m           [31m[1m^[22m[39m
     [90m 26 |[39m   }
     [90m 27 |[39m   [36mreturn[39m context[33m;[39m
     [90m 28 |[39m }[33m;[39m[0m

      at useAuth (src/context/AuthContext.tsx:25:11)
      at TransactionManagement (src/components/TransactionManagement/TransactionManagement.tsx:28:27)
      at renderWithHooks (node_modules/react-dom/cjs/react-dom.development.js:15486:18)
      at mountIndeterminateComponent (node_modules/react-dom/cjs/react-dom.development.js:20103:13)
      at beginWork (node_modules/react-dom/cjs/react-dom.development.js:21626:16)
      at beginWork$1 (node_modules/react-dom/cjs/react-dom.development.js:27465:14)
      at performUnitOfWork (node_modules/react-dom/cjs/react-dom.development.js:26599:12)
      at workLoopSync (node_modules/react-dom/cjs/react-dom.development.js:26505:5)
      at renderRootSync (node_modules/react-dom/cjs/react-dom.development.js:26473:7)
      at recoverFromConcurrentError (node_modules/react-dom/cjs/react-dom.development.js:25889:20)
      at performConcurrentWorkOnRoot (node_modules/react-dom/cjs/react-dom.development.js:25789:22)
      at flushActQueue (node_modules/react/cjs/react.development.js:2667:24)
      at act (node_modules/react/cjs/react.development.js:2582:11)
      at actWithWarning (node_modules/react-dom/cjs/react-dom-test-utils.development.js:1740:10)
      at node_modules/@testing-library/react/dist/act-compat.js:63:25
      at renderRoot (node_modules/@testing-library/react/dist/pure.js:159:26)
      at render (node_modules/@testing-library/react/dist/pure.js:246:10)
      at Object.<anonymous> (src/components/TransactionManagement/TransactionManagement.test.tsx:28:11)

  ΓùÅ TransactionManagement Component ΓÇ║ should display transaction list

    useAuth must be used within an AuthProvider

    [0m [90m 23 |[39m   [36mconst[39m context [33m=[39m useContext([33mAuthContext[39m)[33m;[39m
     [90m 24 |[39m   [36mif[39m ([33m![39mcontext) {
    [31m[1m>[22m[39m[90m 25 |[39m     [36mthrow[39m [36mnew[39m [33mError[39m([32m'useAuth must be used within an AuthProvider'[39m)[33m;[39m
     [90m    |[39m           [31m[1m^[22m[39m
     [90m 26 |[39m   }
     [90m 27 |[39m   [36mreturn[39m context[33m;[39m
     [90m 28 |[39m }[33m;[39m[0m

      at useAuth (src/context/AuthContext.tsx:25:11)
      at TransactionManagement (src/components/TransactionManagement/TransactionManagement.tsx:28:27)
      at renderWithHooks (node_modules/react-dom/cjs/react-dom.development.js:15486:18)
      at mountIndeterminateComponent (node_modules/react-dom/cjs/react-dom.development.js:20103:13)
      at beginWork (node_modules/react-dom/cjs/react-dom.development.js:21626:16)
      at beginWork$1 (node_modules/react-dom/cjs/react-dom.development.js:27465:14)
      at performUnitOfWork (node_modules/react-dom/cjs/react-dom.development.js:26599:12)
      at workLoopSync (node_modules/react-dom/cjs/react-dom.development.js:26505:5)
      at renderRootSync (node_modules/react-dom/cjs/react-dom.development.js:26473:7)
      at recoverFromConcurrentError (node_modules/react-dom/cjs/react-dom.development.js:25889:20)
      at performConcurrentWorkOnRoot (node_modules/react-dom/cjs/react-dom.development.js:25789:22)
      at flushActQueue (node_modules/react/cjs/react.development.js:2667:24)
      at act (node_modules/react/cjs/react.development.js:2582:11)
      at actWithWarning (node_modules/react-dom/cjs/react-dom-test-utils.development.js:1740:10)
      at node_modules/@testing-library/react/dist/act-compat.js:63:25
      at renderRoot (node_modules/@testing-library/react/dist/pure.js:159:26)
      at render (node_modules/@testing-library/react/dist/pure.js:246:10)
      at Object.<anonymous> (src/components/TransactionManagement/TransactionManagement.test.tsx:33:11)

  ΓùÅ TransactionManagement Component ΓÇ║ should display transaction stats

    useAuth must be used within an AuthProvider

    [0m [90m 23 |[39m   [36mconst[39m context [33m=[39m useContext([33mAuthContext[39m)[33m;[39m
     [90m 24 |[39m   [36mif[39m ([33m![39mcontext) {
    [31m[1m>[22m[39m[90m 25 |[39m     [36mthrow[39m [36mnew[39m [33mError[39m([32m'useAuth must be used within an AuthProvider'[39m)[33m;[39m
     [90m    |[39m           [31m[1m^[22m[39m
     [90m 26 |[39m   }
     [90m 27 |[39m   [36mreturn[39m context[33m;[39m
     [90m 28 |[39m }[33m;[39m[0m

      at useAuth (src/context/AuthContext.tsx:25:11)
      at TransactionManagement (src/components/TransactionManagement/TransactionManagement.tsx:28:27)
      at renderWithHooks (node_modules/react-dom/cjs/react-dom.development.js:15486:18)
      at mountIndeterminateComponent (node_modules/react-dom/cjs/react-dom.development.js:20103:13)
      at beginWork (node_modules/react-dom/cjs/react-dom.development.js:21626:16)
      at beginWork$1 (node_modules/react-dom/cjs/react-dom.development.js:27465:14)
      at performUnitOfWork (node_modules/react-dom/cjs/react-dom.development.js:26599:12)
      at workLoopSync (node_modules/react-dom/cjs/react-dom.development.js:26505:5)
      at renderRootSync (node_modules/react-dom/cjs/react-dom.development.js:26473:7)
      at recoverFromConcurrentError (node_modules/react-dom/cjs/react-dom.development.js:25889:20)
      at performConcurrentWorkOnRoot (node_modules/react-dom/cjs/react-dom.development.js:25789:22)
      at flushActQueue (node_modules/react/cjs/react.development.js:2667:24)
      at act (node_modules/react/cjs/react.development.js:2582:11)
      at actWithWarning (node_modules/react-dom/cjs/react-dom-test-utils.development.js:1740:10)
      at node_modules/@testing-library/react/dist/act-compat.js:63:25
      at renderRoot (node_modules/@testing-library/react/dist/pure.js:159:26)
      at render (node_modules/@testing-library/react/dist/pure.js:246:10)
      at Object.<anonymous> (src/components/TransactionManagement/TransactionManagement.test.tsx:38:11)

  ΓùÅ TransactionManagement Component ΓÇ║ should render all child components

    useAuth must be used within an AuthProvider

    [0m [90m 23 |[39m   [36mconst[39m context [33m=[39m useContext([33mAuthContext[39m)[33m;[39m
     [90m 24 |[39m   [36mif[39m ([33m![39mcontext) {
    [31m[1m>[22m[39m[90m 25 |[39m     [36mthrow[39m [36mnew[39m [33mError[39m([32m'useAuth must be used within an AuthProvider'[39m)[33m;[39m
     [90m    |[39m           [31m[1m^[22m[39m
     [90m 26 |[39m   }
     [90m 27 |[39m   [36mreturn[39m context[33m;[39m
     [90m 28 |[39m }[33m;[39m[0m

      at useAuth (src/context/AuthContext.tsx:25:11)
      at TransactionManagement (src/components/TransactionManagement/TransactionManagement.tsx:28:27)
      at renderWithHooks (node_modules/react-dom/cjs/react-dom.development.js:15486:18)
      at mountIndeterminateComponent (node_modules/react-dom/cjs/react-dom.development.js:20103:13)
      at beginWork (node_modules/react-dom/cjs/react-dom.development.js:21626:16)
      at beginWork$1 (node_modules/react-dom/cjs/react-dom.development.js:27465:14)
      at performUnitOfWork (node_modules/react-dom/cjs/react-dom.development.js:26599:12)
      at workLoopSync (node_modules/react-dom/cjs/react-dom.development.js:26505:5)
      at renderRootSync (node_modules/react-dom/cjs/react-dom.development.js:26473:7)
      at recoverFromConcurrentError (node_modules/react-dom/cjs/react-dom.development.js:25889:20)
      at performConcurrentWorkOnRoot (node_modules/react-dom/cjs/react-dom.development.js:25789:22)
      at flushActQueue (node_modules/react/cjs/react.development.js:2667:24)
      at act (node_modules/react/cjs/react.development.js:2582:11)
      at actWithWarning (node_modules/react-dom/cjs/react-dom-test-utils.development.js:1740:10)
      at node_modules/@testing-library/react/dist/act-compat.js:63:25
      at renderRoot (node_modules/@testing-library/react/dist/pure.js:159:26)
      at render (node_modules/@testing-library/react/dist/pure.js:246:10)
      at Object.<anonymous> (src/components/TransactionManagement/TransactionManagement.test.tsx:43:33)

  ΓùÅ TransactionManagement Component ΓÇ║ should render without crashing

    useAuth must be used within an AuthProvider

    [0m [90m 23 |[39m   [36mconst[39m context [33m=[39m useContext([33mAuthContext[39m)[33m;[39m
     [90m 24 |[39m   [36mif[39m ([33m![39mcontext) {
    [31m[1m>[22m[39m[90m 25 |[39m     [36mthrow[39m [36mnew[39m [33mError[39m([32m'useAuth must be used within an AuthProvider'[39m)[33m;[39m
     [90m    |[39m           [31m[1m^[22m[39m
     [90m 26 |[39m   }
     [90m 27 |[39m   [36mreturn[39m context[33m;[39m
     [90m 28 |[39m }[33m;[39m[0m

      at useAuth (src/context/AuthContext.tsx:25:11)
      at TransactionManagement (src/components/TransactionManagement/TransactionManagement.tsx:28:27)
      at renderWithHooks (node_modules/react-dom/cjs/react-dom.development.js:15486:18)
      at mountIndeterminateComponent (node_modules/react-dom/cjs/react-dom.development.js:20103:13)
      at beginWork (node_modules/react-dom/cjs/react-dom.development.js:21626:16)
      at beginWork$1 (node_modules/react-dom/cjs/react-dom.development.js:27465:14)
      at performUnitOfWork (node_modules/react-dom/cjs/react-dom.development.js:26599:12)
      at workLoopSync (node_modules/react-dom/cjs/react-dom.development.js:26505:5)
      at renderRootSync (node_modules/react-dom/cjs/react-dom.development.js:26473:7)
      at recoverFromConcurrentError (node_modules/react-dom/cjs/react-dom.development.js:25889:20)
      at performConcurrentWorkOnRoot (node_modules/react-dom/cjs/react-dom.development.js:25789:22)
      at flushActQueue (node_modules/react/cjs/react.development.js:2667:24)
      at act (node_modules/react/cjs/react.development.js:2582:11)
      at actWithWarning (node_modules/react-dom/cjs/react-dom-test-utils.development.js:1740:10)
      at node_modules/@testing-library/react/dist/act-compat.js:63:25
      at renderRoot (node_modules/@testing-library/react/dist/pure.js:159:26)
      at render (node_modules/@testing-library/react/dist/pure.js:246:10)
      at Object.<anonymous> (src/components/TransactionManagement/TransactionManagement.test.tsx:50:33)

  ΓùÅ TransactionManagement Component ΓÇ║ should have proper component structure

    useAuth must be used within an AuthProvider

    [0m [90m 23 |[39m   [36mconst[39m context [33m=[39m useContext([33mAuthContext[39m)[33m;[39m
     [90m 24 |[39m   [36mif[39m ([33m![39mcontext) {
    [31m[1m>[22m[39m[90m 25 |[39m     [36mthrow[39m [36mnew[39m [33mError[39m([32m'useAuth must be used within an AuthProvider'[39m)[33m;[39m
     [90m    |[39m           [31m[1m^[22m[39m
     [90m 26 |[39m   }
     [90m 27 |[39m   [36mreturn[39m context[33m;[39m
     [90m 28 |[39m }[33m;[39m[0m

      at useAuth (src/context/AuthContext.tsx:25:11)
      at TransactionManagement (src/components/TransactionManagement/TransactionManagement.tsx:28:27)
      at renderWithHooks (node_modules/react-dom/cjs/react-dom.development.js:15486:18)
      at mountIndeterminateComponent (node_modules/react-dom/cjs/react-dom.development.js:20103:13)
      at beginWork (node_modules/react-dom/cjs/react-dom.development.js:21626:16)
      at beginWork$1 (node_modules/react-dom/cjs/react-dom.development.js:27465:14)
      at performUnitOfWork (node_modules/react-dom/cjs/react-dom.development.js:26599:12)
      at workLoopSync (node_modules/react-dom/cjs/react-dom.development.js:26505:5)
      at renderRootSync (node_modules/react-dom/cjs/react-dom.development.js:26473:7)
      at recoverFromConcurrentError (node_modules/react-dom/cjs/react-dom.development.js:25889:20)
      at performConcurrentWorkOnRoot (node_modules/react-dom/cjs/react-dom.development.js:25789:22)
      at flushActQueue (node_modules/react/cjs/react.development.js:2667:24)
      at act (node_modules/react/cjs/react.development.js:2582:11)
      at actWithWarning (node_modules/react-dom/cjs/react-dom-test-utils.development.js:1740:10)
      at node_modules/@testing-library/react/dist/act-compat.js:63:25
      at renderRoot (node_modules/@testing-library/react/dist/pure.js:159:26)
      at render (node_modules/@testing-library/react/dist/pure.js:246:10)
      at Object.<anonymous> (src/components/TransactionManagement/TransactionManagement.test.tsx:55:33)

(node:21480) [DEP0040] DeprecationWarning: The `punycode` module is deprecated. Please use a userland alternative instead.
(Use `node --trace-deprecation ...` to show where the warning was created)
FAIL src/components/SupplierManagement/SupplierManagement.test.tsx
  ΓùÅ SupplierManagement Component ΓÇ║ should render supplier management page

    useAuth must be used within an AuthProvider

    [0m [90m 23 |[39m   [36mconst[39m context [33m=[39m useContext([33mAuthContext[39m)[33m;[39m
     [90m 24 |[39m   [36mif[39m ([33m![39mcontext) {
    [31m[1m>[22m[39m[90m 25 |[39m     [36mthrow[39m [36mnew[39m [33mError[39m([32m'useAuth must be used within an AuthProvider'[39m)[33m;[39m
     [90m    |[39m           [31m[1m^[22m[39m
     [90m 26 |[39m   }
     [90m 27 |[39m   [36mreturn[39m context[33m;[39m
     [90m 28 |[39m }[33m;[39m[0m

      at useAuth (src/context/AuthContext.tsx:25:11)
      at SupplierManagement (src/components/SupplierManagement/SupplierManagement.tsx:48:27)
      at renderWithHooks (node_modules/react-dom/cjs/react-dom.development.js:15486:18)
      at mountIndeterminateComponent (node_modules/react-dom/cjs/react-dom.development.js:20103:13)
      at beginWork (node_modules/react-dom/cjs/react-dom.development.js:21626:16)
      at beginWork$1 (node_modules/react-dom/cjs/react-dom.development.js:27465:14)
      at performUnitOfWork (node_modules/react-dom/cjs/react-dom.development.js:26599:12)
      at workLoopSync (node_modules/react-dom/cjs/react-dom.development.js:26505:5)
      at renderRootSync (node_modules/react-dom/cjs/react-dom.development.js:26473:7)
      at recoverFromConcurrentError (node_modules/react-dom/cjs/react-dom.development.js:25889:20)
      at performConcurrentWorkOnRoot (node_modules/react-dom/cjs/react-dom.development.js:25789:22)
      at flushActQueue (node_modules/react/cjs/react.development.js:2667:24)
      at act (node_modules/react/cjs/react.development.js:2582:11)
      at actWithWarning (node_modules/react-dom/cjs/react-dom-test-utils.development.js:1740:10)
      at node_modules/@testing-library/react/dist/act-compat.js:63:25
      at renderRoot (node_modules/@testing-library/react/dist/pure.js:159:26)
      at render (node_modules/@testing-library/react/dist/pure.js:246:10)
      at Object.<anonymous> (src/components/SupplierManagement/SupplierManagement.test.tsx:40:11)

  ΓùÅ SupplierManagement Component ΓÇ║ should display supplier list

    useAuth must be used within an AuthProvider

    [0m [90m 23 |[39m   [36mconst[39m context [33m=[39m useContext([33mAuthContext[39m)[33m;[39m
     [90m 24 |[39m   [36mif[39m ([33m![39mcontext) {
    [31m[1m>[22m[39m[90m 25 |[39m     [36mthrow[39m [36mnew[39m [33mError[39m([32m'useAuth must be used within an AuthProvider'[39m)[33m;[39m
     [90m    |[39m           [31m[1m^[22m[39m
     [90m 26 |[39m   }
     [90m 27 |[39m   [36mreturn[39m context[33m;[39m
     [90m 28 |[39m }[33m;[39m[0m

      at useAuth (src/context/AuthContext.tsx:25:11)
      at SupplierManagement (src/components/SupplierManagement/SupplierManagement.tsx:48:27)
      at renderWithHooks (node_modules/react-dom/cjs/react-dom.development.js:15486:18)
      at mountIndeterminateComponent (node_modules/react-dom/cjs/react-dom.development.js:20103:13)
      at beginWork (node_modules/react-dom/cjs/react-dom.development.js:21626:16)
      at beginWork$1 (node_modules/react-dom/cjs/react-dom.development.js:27465:14)
      at performUnitOfWork (node_modules/react-dom/cjs/react-dom.development.js:26599:12)
      at workLoopSync (node_modules/react-dom/cjs/react-dom.development.js:26505:5)
      at renderRootSync (node_modules/react-dom/cjs/react-dom.development.js:26473:7)
      at recoverFromConcurrentError (node_modules/react-dom/cjs/react-dom.development.js:25889:20)
      at performConcurrentWorkOnRoot (node_modules/react-dom/cjs/react-dom.development.js:25789:22)
      at flushActQueue (node_modules/react/cjs/react.development.js:2667:24)
      at act (node_modules/react/cjs/react.development.js:2582:11)
      at actWithWarning (node_modules/react-dom/cjs/react-dom-test-utils.development.js:1740:10)
      at node_modules/@testing-library/react/dist/act-compat.js:63:25
      at renderRoot (node_modules/@testing-library/react/dist/pure.js:159:26)
      at render (node_modules/@testing-library/react/dist/pure.js:246:10)
      at Object.<anonymous> (src/components/SupplierManagement/SupplierManagement.test.tsx:45:11)

  ΓùÅ SupplierManagement Component ΓÇ║ should display supplier bills

    useAuth must be used within an AuthProvider

    [0m [90m 23 |[39m   [36mconst[39m context [33m=[39m useContext([33mAuthContext[39m)[33m;[39m
     [90m 24 |[39m   [36mif[39m ([33m![39mcontext) {
    [31m[1m>[22m[39m[90m 25 |[39m     [36mthrow[39m [36mnew[39m [33mError[39m([32m'useAuth must be used within an AuthProvider'[39m)[33m;[39m
     [90m    |[39m           [31m[1m^[22m[39m
     [90m 26 |[39m   }
     [90m 27 |[39m   [36mreturn[39m context[33m;[39m
     [90m 28 |[39m }[33m;[39m[0m

      at useAuth (src/context/AuthContext.tsx:25:11)
      at SupplierManagement (src/components/SupplierManagement/SupplierManagement.tsx:48:27)
      at renderWithHooks (node_modules/react-dom/cjs/react-dom.development.js:15486:18)
      at mountIndeterminateComponent (node_modules/react-dom/cjs/react-dom.development.js:20103:13)
      at beginWork (node_modules/react-dom/cjs/react-dom.development.js:21626:16)
      at beginWork$1 (node_modules/react-dom/cjs/react-dom.development.js:27465:14)
      at performUnitOfWork (node_modules/react-dom/cjs/react-dom.development.js:26599:12)
      at workLoopSync (node_modules/react-dom/cjs/react-dom.development.js:26505:5)
      at renderRootSync (node_modules/react-dom/cjs/react-dom.development.js:26473:7)
      at recoverFromConcurrentError (node_modules/react-dom/cjs/react-dom.development.js:25889:20)
      at performConcurrentWorkOnRoot (node_modules/react-dom/cjs/react-dom.development.js:25789:22)
      at flushActQueue (node_modules/react/cjs/react.development.js:2667:24)
      at act (node_modules/react/cjs/react.development.js:2582:11)
      at actWithWarning (node_modules/react-dom/cjs/react-dom-test-utils.development.js:1740:10)
      at node_modules/@testing-library/react/dist/act-compat.js:63:25
      at renderRoot (node_modules/@testing-library/react/dist/pure.js:159:26)
      at render (node_modules/@testing-library/react/dist/pure.js:246:10)
      at Object.<anonymous> (src/components/SupplierManagement/SupplierManagement.test.tsx:50:11)

  ΓùÅ SupplierManagement Component ΓÇ║ should display supplier dues

    useAuth must be used within an AuthProvider

    [0m [90m 23 |[39m   [36mconst[39m context [33m=[39m useContext([33mAuthContext[39m)[33m;[39m
     [90m 24 |[39m   [36mif[39m ([33m![39mcontext) {
    [31m[1m>[22m[39m[90m 25 |[39m     [36mthrow[39m [36mnew[39m [33mError[39m([32m'useAuth must be used within an AuthProvider'[39m)[33m;[39m
     [90m    |[39m           [31m[1m^[22m[39m
     [90m 26 |[39m   }
     [90m 27 |[39m   [36mreturn[39m context[33m;[39m
     [90m 28 |[39m }[33m;[39m[0m

      at useAuth (src/context/AuthContext.tsx:25:11)
      at SupplierManagement (src/components/SupplierManagement/SupplierManagement.tsx:48:27)
      at renderWithHooks (node_modules/react-dom/cjs/react-dom.development.js:15486:18)
      at mountIndeterminateComponent (node_modules/react-dom/cjs/react-dom.development.js:20103:13)
      at beginWork (node_modules/react-dom/cjs/react-dom.development.js:21626:16)
      at beginWork$1 (node_modules/react-dom/cjs/react-dom.development.js:27465:14)
      at performUnitOfWork (node_modules/react-dom/cjs/react-dom.development.js:26599:12)
      at workLoopSync (node_modules/react-dom/cjs/react-dom.development.js:26505:5)
      at renderRootSync (node_modules/react-dom/cjs/react-dom.development.js:26473:7)
      at recoverFromConcurrentError (node_modules/react-dom/cjs/react-dom.development.js:25889:20)
      at performConcurrentWorkOnRoot (node_modules/react-dom/cjs/react-dom.development.js:25789:22)
      at flushActQueue (node_modules/react/cjs/react.development.js:2667:24)
      at act (node_modules/react/cjs/react.development.js:2582:11)
      at actWithWarning (node_modules/react-dom/cjs/react-dom-test-utils.development.js:1740:10)
      at node_modules/@testing-library/react/dist/act-compat.js:63:25
      at renderRoot (node_modules/@testing-library/react/dist/pure.js:159:26)
      at render (node_modules/@testing-library/react/dist/pure.js:246:10)
      at Object.<anonymous> (src/components/SupplierManagement/SupplierManagement.test.tsx:55:11)

  ΓùÅ SupplierManagement Component ΓÇ║ should display supplier payments

    useAuth must be used within an AuthProvider

    [0m [90m 23 |[39m   [36mconst[39m context [33m=[39m useContext([33mAuthContext[39m)[33m;[39m
     [90m 24 |[39m   [36mif[39m ([33m![39mcontext) {
    [31m[1m>[22m[39m[90m 25 |[39m     [36mthrow[39m [36mnew[39m [33mError[39m([32m'useAuth must be used within an AuthProvider'[39m)[33m;[39m
     [90m    |[39m           [31m[1m^[22m[39m
     [90m 26 |[39m   }
     [90m 27 |[39m   [36mreturn[39m context[33m;[39m
     [90m 28 |[39m }[33m;[39m[0m

      at useAuth (src/context/AuthContext.tsx:25:11)
      at SupplierManagement (src/components/SupplierManagement/SupplierManagement.tsx:48:27)
      at renderWithHooks (node_modules/react-dom/cjs/react-dom.development.js:15486:18)
      at mountIndeterminateComponent (node_modules/react-dom/cjs/react-dom.development.js:20103:13)
      at beginWork (node_modules/react-dom/cjs/react-dom.development.js:21626:16)
      at beginWork$1 (node_modules/react-dom/cjs/react-dom.development.js:27465:14)
      at performUnitOfWork (node_modules/react-dom/cjs/react-dom.development.js:26599:12)
      at workLoopSync (node_modules/react-dom/cjs/react-dom.development.js:26505:5)
      at renderRootSync (node_modules/react-dom/cjs/react-dom.development.js:26473:7)
      at recoverFromConcurrentError (node_modules/react-dom/cjs/react-dom.development.js:25889:20)
      at performConcurrentWorkOnRoot (node_modules/react-dom/cjs/react-dom.development.js:25789:22)
      at flushActQueue (node_modules/react/cjs/react.development.js:2667:24)
      at act (node_modules/react/cjs/react.development.js:2582:11)
      at actWithWarning (node_modules/react-dom/cjs/react-dom-test-utils.development.js:1740:10)
      at node_modules/@testing-library/react/dist/act-compat.js:63:25
      at renderRoot (node_modules/@testing-library/react/dist/pure.js:159:26)
      at render (node_modules/@testing-library/react/dist/pure.js:246:10)
      at Object.<anonymous> (src/components/SupplierManagement/SupplierManagement.test.tsx:60:11)

  ΓùÅ SupplierManagement Component ΓÇ║ should render all child components

    useAuth must be used within an AuthProvider

    [0m [90m 23 |[39m   [36mconst[39m context [33m=[39m useContext([33mAuthContext[39m)[33m;[39m
     [90m 24 |[39m   [36mif[39m ([33m![39mcontext) {
    [31m[1m>[22m[39m[90m 25 |[39m     [36mthrow[39m [36mnew[39m [33mError[39m([32m'useAuth must be used within an AuthProvider'[39m)[33m;[39m
     [90m    |[39m           [31m[1m^[22m[39m
     [90m 26 |[39m   }
     [90m 27 |[39m   [36mreturn[39m context[33m;[39m
     [90m 28 |[39m }[33m;[39m[0m

      at useAuth (src/context/AuthContext.tsx:25:11)
      at SupplierManagement (src/components/SupplierManagement/SupplierManagement.tsx:48:27)
      at renderWithHooks (node_modules/react-dom/cjs/react-dom.development.js:15486:18)
      at mountIndeterminateComponent (node_modules/react-dom/cjs/react-dom.development.js:20103:13)
      at beginWork (node_modules/react-dom/cjs/react-dom.development.js:21626:16)
      at beginWork$1 (node_modules/react-dom/cjs/react-dom.development.js:27465:14)
      at performUnitOfWork (node_modules/react-dom/cjs/react-dom.development.js:26599:12)
      at workLoopSync (node_modules/react-dom/cjs/react-dom.development.js:26505:5)
      at renderRootSync (node_modules/react-dom/cjs/react-dom.development.js:26473:7)
      at recoverFromConcurrentError (node_modules/react-dom/cjs/react-dom.development.js:25889:20)
      at performConcurrentWorkOnRoot (node_modules/react-dom/cjs/react-dom.development.js:25789:22)
      at flushActQueue (node_modules/react/cjs/react.development.js:2667:24)
      at act (node_modules/react/cjs/react.development.js:2582:11)
      at actWithWarning (node_modules/react-dom/cjs/react-dom-test-utils.development.js:1740:10)
      at node_modules/@testing-library/react/dist/act-compat.js:63:25
      at renderRoot (node_modules/@testing-library/react/dist/pure.js:159:26)
      at render (node_modules/@testing-library/react/dist/pure.js:246:10)
      at Object.<anonymous> (src/components/SupplierManagement/SupplierManagement.test.tsx:65:33)

  ΓùÅ SupplierManagement Component ΓÇ║ should render without crashing

    useAuth must be used within an AuthProvider

    [0m [90m 23 |[39m   [36mconst[39m context [33m=[39m useContext([33mAuthContext[39m)[33m;[39m
     [90m 24 |[39m   [36mif[39m ([33m![39mcontext) {
    [31m[1m>[22m[39m[90m 25 |[39m     [36mthrow[39m [36mnew[39m [33mError[39m([32m'useAuth must be used within an AuthProvider'[39m)[33m;[39m
     [90m    |[39m           [31m[1m^[22m[39m
     [90m 26 |[39m   }
     [90m 27 |[39m   [36mreturn[39m context[33m;[39m
     [90m 28 |[39m }[33m;[39m[0m

      at useAuth (src/context/AuthContext.tsx:25:11)
      at SupplierManagement (src/components/SupplierManagement/SupplierManagement.tsx:48:27)
      at renderWithHooks (node_modules/react-dom/cjs/react-dom.development.js:15486:18)
      at mountIndeterminateComponent (node_modules/react-dom/cjs/react-dom.development.js:20103:13)
      at beginWork (node_modules/react-dom/cjs/react-dom.development.js:21626:16)
      at beginWork$1 (node_modules/react-dom/cjs/react-dom.development.js:27465:14)
      at performUnitOfWork (node_modules/react-dom/cjs/react-dom.development.js:26599:12)
      at workLoopSync (node_modules/react-dom/cjs/react-dom.development.js:26505:5)
      at renderRootSync (node_modules/react-dom/cjs/react-dom.development.js:26473:7)
      at recoverFromConcurrentError (node_modules/react-dom/cjs/react-dom.development.js:25889:20)
      at performConcurrentWorkOnRoot (node_modules/react-dom/cjs/react-dom.development.js:25789:22)
      at flushActQueue (node_modules/react/cjs/react.development.js:2667:24)
      at act (node_modules/react/cjs/react.development.js:2582:11)
      at actWithWarning (node_modules/react-dom/cjs/react-dom-test-utils.development.js:1740:10)
      at node_modules/@testing-library/react/dist/act-compat.js:63:25
      at renderRoot (node_modules/@testing-library/react/dist/pure.js:159:26)
      at render (node_modules/@testing-library/react/dist/pure.js:246:10)
      at Object.<anonymous> (src/components/SupplierManagement/SupplierManagement.test.tsx:74:33)

  ΓùÅ SupplierManagement Component ΓÇ║ should have proper component structure

    useAuth must be used within an AuthProvider

    [0m [90m 23 |[39m   [36mconst[39m context [33m=[39m useContext([33mAuthContext[39m)[33m;[39m
     [90m 24 |[39m   [36mif[39m ([33m![39mcontext) {
    [31m[1m>[22m[39m[90m 25 |[39m     [36mthrow[39m [36mnew[39m [33mError[39m([32m'useAuth must be used within an AuthProvider'[39m)[33m;[39m
     [90m    |[39m           [31m[1m^[22m[39m
     [90m 26 |[39m   }
     [90m 27 |[39m   [36mreturn[39m context[33m;[39m
     [90m 28 |[39m }[33m;[39m[0m

      at useAuth (src/context/AuthContext.tsx:25:11)
      at SupplierManagement (src/components/SupplierManagement/SupplierManagement.tsx:48:27)
      at renderWithHooks (node_modules/react-dom/cjs/react-dom.development.js:15486:18)
      at mountIndeterminateComponent (node_modules/react-dom/cjs/react-dom.development.js:20103:13)
      at beginWork (node_modules/react-dom/cjs/react-dom.development.js:21626:16)
      at beginWork$1 (node_modules/react-dom/cjs/react-dom.development.js:27465:14)
      at performUnitOfWork (node_modules/react-dom/cjs/react-dom.development.js:26599:12)
      at workLoopSync (node_modules/react-dom/cjs/react-dom.development.js:26505:5)
      at renderRootSync (node_modules/react-dom/cjs/react-dom.development.js:26473:7)
      at recoverFromConcurrentError (node_modules/react-dom/cjs/react-dom.development.js:25889:20)
      at performConcurrentWorkOnRoot (node_modules/react-dom/cjs/react-dom.development.js:25789:22)
      at flushActQueue (node_modules/react/cjs/react.development.js:2667:24)
      at act (node_modules/react/cjs/react.development.js:2582:11)
      at actWithWarning (node_modules/react-dom/cjs/react-dom-test-utils.development.js:1740:10)
      at node_modules/@testing-library/react/dist/act-compat.js:63:25
      at renderRoot (node_modules/@testing-library/react/dist/pure.js:159:26)
      at render (node_modules/@testing-library/react/dist/pure.js:246:10)
      at Object.<anonymous> (src/components/SupplierManagement/SupplierManagement.test.tsx:79:33)

(node:21176) [DEP0040] DeprecationWarning: The `punycode` module is deprecated. Please use a userland alternative instead.
(Use `node --trace-deprecation ...` to show where the warning was created)
FAIL src/pages/Transactions.test.tsx
  ΓùÅ Transactions Page ΓÇ║ should render transactions page

    TestingLibraryElementError: Unable to find an element with the text: Transactions. This could be because the text is broken up by multiple elements. In 
this case, you can provide a function for your text matcher to make your matcher more flexible.

    Ignored nodes: comments, script, style
    [36m<body>[39m
      [36m<div>[39m
        [36m<div[39m
          [33mclass[39m=[32m"transactions-page"[39m
        [36m>[39m
          [36m<div[39m
            [33mclass[39m=[32m"page-header"[39m
          [36m>[39m
            [36m<h1>[39m
              [0mTransaction Management[0m
            [36m</h1>[39m
            [36m<p[39m
              [33mclass[39m=[32m"welcome-text"[39m
            [36m>[39m
              [0mWelcome, [0m
              [0m ([0m
              [0m)[0m
            [36m</p>[39m
          [36m</div>[39m
          [36m<div[39m
            [33mclass[39m=[32m"transaction-management"[39m
          [36m>[39m
            [36m<div[39m
              [33mclass[39m=[32m"error-banner"[39m
            [36m>[39m
              [0mFailed to fetch transactions[0m
            [36m</div>[39m
            [36m<div[39m
              [33mclass[39m=[32m"transaction-stats"[39m
            [36m>[39m
              [36m<div[39m
                [33mclass[39m=[32m"stat-card"[39m
              [36m>[39m
                [36m<div[39m
                  [33mclass[39m=[32m"stat-value"[39m
                  [33mstyle[39m=[32m"color: rgb(49, 130, 206);"[39m
                [36m>[39m
                  [0m0[0m
                [36m</div>[39m
                [36m<div[39m
                  [33mclass[39m=[32m"stat-label"[39m
                [36m>[39m
                  [0mTotal Transactions[0m
                [36m</div>[39m
              [36m</div>[39m
              [36m<div[39m
                [33mclass[39m=[32m"stat-card"[39m
              [36m>[39m
                [36m<div[39m
                  [33mclass[39m=[32m"stat-value"[39m
                  [33mstyle[39m=[32m"color: rgb(56, 161, 105);"[39m
                [36m>[39m
                  [0m0[0m
                [36m</div>[39m
                [36m<div[39m
                  [33mclass[39m=[32m"stat-label"[39m
                [36m>[39m
                  [0mCompleted[0m
                [36m</div>[39m
              [36m</div>[39m
              [36m<div[39m
                [33mclass[39m=[32m"stat-card"[39m
              [36m>[39m
                [36m<div[39m
                  [33mclass[39m=[32m"stat-value"[39m
                  [33mstyle[39m=[32m"color: rgb(214, 158, 46);"[39m
                [36m>[39m
                  [0m0[0m
                [36m</div>[39m
                [36m<div[39m
                  [33mclass[39m=[32m"stat-label"[39m
                [36m>[39m
                  [0mPending Selling[0m
                [36m</div>[39m
              [36m</div>[39m
              [36m<div[39m
                [33mclass[39m=[32m"stat-card"[39m
              [36m>[39m
                [36m<div[39m
                  [33mclass[39m=[32m"stat-value"[39m
                  [33mstyle[39m=[32m"color: rgb(229, 62, 62);"[39m
                [36m>[39m
                  [0m0[0m
                [36m</div>[39m
                [36m<div[39m
                  [33mclass[39m=[32m"stat-label"[39m
                [36m>[39m
                  [0mPending Payment[0m
                [36m</div>[39m
              [36m</div>[39m
              [36m<div[39m
                [33mclass[39m=[32m"stat-card"[39m
              [36m>[39m
                [36m<div[39m
                  [33mclass[39m=[32m"stat-value"[39m
                  [33mstyle[39m=[32m"color: rgb(128, 90, 213);"[39m
                [36m>[39m
                  [0mΓé╣0.00[0m
                [36m</div>[39m
                [36m<div[39m
                  [33mclass[39m=[32m"stat-label"[39m
                [36m>[39m
                  [0mTotal Revenue[0m
                [36m</div>[39m
              [36m</div>[39m
            [36m</div>[39m
            [36m<div[39m
              [33mclass[39m=[32m"transaction-actions"[39m
            [36m>[39m
              [36m<button[39m
                [33mclass[39m=[32m"create-button"[39m
              [36m>[39m
                [0m+ New Transaction[0m
              [36m</button>[39m
            [36m</div>[39m
            [36m<div[39m
              [33mclass[39m=[32m"transaction-list-empty"[39m
            [36m>[39m
              [36m<p>[39m
                [0mNo transactions found. Create your first transaction to get started.[0m
              [36m</p>[39m
            [36m</div>[39m
          [36m</div>[39m
        [36m</div>[39m
      [36m</div>[39m
    [36m</body>[39m

    [0m [90m 23 |[39m   test([32m'should render transactions page'[39m[33m,[39m () [33m=>[39m {
     [90m 24 |[39m     renderWithProviders([33m<[39m[33mTransactions[39m [33m/[39m[33m>[39m)[33m;[39m
    [31m[1m>[22m[39m[90m 25 |[39m     expect(screen[33m.[39mgetByText([32m'Transactions'[39m))[33m.[39mtoBeInTheDocument()[33m;[39m
     [90m    |[39m                   [31m[1m^[22m[39m
     [90m 26 |[39m   })[33m;[39m
     [90m 27 |[39m
     [90m 28 |[39m   test([32m'should display page heading'[39m[33m,[39m () [33m=>[39m {[0m

      at Object.getElementError (node_modules/@testing-library/react/node_modules/@testing-library/dom/dist/config.js:37:19)
      at node_modules/@testing-library/react/node_modules/@testing-library/dom/dist/query-helpers.js:76:38
      at node_modules/@testing-library/react/node_modules/@testing-library/dom/dist/query-helpers.js:52:17
      at getByText (node_modules/@testing-library/react/node_modules/@testing-library/dom/dist/query-helpers.js:95:19)
      at Object.<anonymous> (src/pages/Transactions.test.tsx:25:19)

(node:19920) [DEP0040] DeprecationWarning: The `punycode` module is deprecated. Please use a userland alternative instead.
(Use `node --trace-deprecation ...` to show where the warning was created)
FAIL src/components/TransactionManagement/TransactionCard.test.tsx
  ΓùÅ TransactionCard Component ΓÇ║ should render transaction card

    TypeError: Cannot read properties of undefined (reading 'map')

    [0m [90m 61 |[39m         [33m<[39m[33mh4[39m[33m>[39m[33mItems[39m[33m:[39m[33m<[39m[33m/[39m[33mh4[39m[33m>[39m
     [90m 62 |[39m         [33m<[39m[33mul[39m[33m>[39m
    [31m[1m>[22m[39m[90m 63 |[39m           {transaction[33m.[39mitems[33m.[39mmap((item[33m,[39m index) [33m=>[39m (
     [90m    |[39m                              [31m[1m^[22m[39m
     [90m 64 |[39m             [33m<[39m[33mli[39m key[33m=[39m{index}[33m>[39m
     [90m 65 |[39m               [33m<[39m[33mspan[39m 
className[33m=[39m[32m"item-name"[39m[33m>[39m{item[33m.[39mname}[33m<[39m[33m/[39m[33mspan[39m[33m>[39m
     [90m 66 |[39m               [33m<[39m[33mspan[39m className[33m=[39m[32m"item-details"[39m[33m>[39m[0m

      at TransactionCard (src/components/TransactionManagement/TransactionCard.tsx:63:30)
      at renderWithHooks (node_modules/react-dom/cjs/react-dom.development.js:15486:18)
      at mountIndeterminateComponent (node_modules/react-dom/cjs/react-dom.development.js:20103:13)
      at beginWork (node_modules/react-dom/cjs/react-dom.development.js:21626:16)
      at beginWork$1 (node_modules/react-dom/cjs/react-dom.development.js:27465:14)
      at performUnitOfWork (node_modules/react-dom/cjs/react-dom.development.js:26599:12)
      at workLoopSync (node_modules/react-dom/cjs/react-dom.development.js:26505:5)
      at renderRootSync (node_modules/react-dom/cjs/react-dom.development.js:26473:7)
      at recoverFromConcurrentError (node_modules/react-dom/cjs/react-dom.development.js:25889:20)
      at performConcurrentWorkOnRoot (node_modules/react-dom/cjs/react-dom.development.js:25789:22)
      at flushActQueue (node_modules/react/cjs/react.development.js:2667:24)
      at act (node_modules/react/cjs/react.development.js:2582:11)
      at actWithWarning (node_modules/react-dom/cjs/react-dom-test-utils.development.js:1740:10)
      at node_modules/@testing-library/react/dist/act-compat.js:63:25
      at renderRoot (node_modules/@testing-library/react/dist/pure.js:159:26)
      at render (node_modules/@testing-library/react/dist/pure.js:246:10)
      at Object.<anonymous> (src/components/TransactionManagement/TransactionCard.test.tsx:24:11)

  ΓùÅ TransactionCard Component ΓÇ║ should display transaction amount

    TypeError: Cannot read properties of undefined (reading 'map')

    [0m [90m 61 |[39m         [33m<[39m[33mh4[39m[33m>[39m[33mItems[39m[33m:[39m[33m<[39m[33m/[39m[33mh4[39m[33m>[39m
     [90m 62 |[39m         [33m<[39m[33mul[39m[33m>[39m
    [31m[1m>[22m[39m[90m 63 |[39m           {transaction[33m.[39mitems[33m.[39mmap((item[33m,[39m index) [33m=>[39m (
     [90m    |[39m                              [31m[1m^[22m[39m
     [90m 64 |[39m             [33m<[39m[33mli[39m key[33m=[39m{index}[33m>[39m
     [90m 65 |[39m               [33m<[39m[33mspan[39m 
className[33m=[39m[32m"item-name"[39m[33m>[39m{item[33m.[39mname}[33m<[39m[33m/[39m[33mspan[39m[33m>[39m
     [90m 66 |[39m               [33m<[39m[33mspan[39m className[33m=[39m[32m"item-details"[39m[33m>[39m[0m

      at TransactionCard (src/components/TransactionManagement/TransactionCard.tsx:63:30)
      at renderWithHooks (node_modules/react-dom/cjs/react-dom.development.js:15486:18)
      at mountIndeterminateComponent (node_modules/react-dom/cjs/react-dom.development.js:20103:13)
      at beginWork (node_modules/react-dom/cjs/react-dom.development.js:21626:16)
      at beginWork$1 (node_modules/react-dom/cjs/react-dom.development.js:27465:14)
      at performUnitOfWork (node_modules/react-dom/cjs/react-dom.development.js:26599:12)
      at workLoopSync (node_modules/react-dom/cjs/react-dom.development.js:26505:5)
      at renderRootSync (node_modules/react-dom/cjs/react-dom.development.js:26473:7)
      at recoverFromConcurrentError (node_modules/react-dom/cjs/react-dom.development.js:25889:20)
      at performConcurrentWorkOnRoot (node_modules/react-dom/cjs/react-dom.development.js:25789:22)
      at flushActQueue (node_modules/react/cjs/react.development.js:2667:24)
      at act (node_modules/react/cjs/react.development.js:2582:11)
      at actWithWarning (node_modules/react-dom/cjs/react-dom-test-utils.development.js:1740:10)
      at node_modules/@testing-library/react/dist/act-compat.js:63:25
      at renderRoot (node_modules/@testing-library/react/dist/pure.js:159:26)
      at render (node_modules/@testing-library/react/dist/pure.js:246:10)
      at Object.<anonymous> (src/components/TransactionManagement/TransactionCard.test.tsx:35:11)

  ΓùÅ TransactionCard Component ΓÇ║ should display transaction type

    TypeError: Cannot read properties of undefined (reading 'map')

    [0m [90m 61 |[39m         [33m<[39m[33mh4[39m[33m>[39m[33mItems[39m[33m:[39m[33m<[39m[33m/[39m[33mh4[39m[33m>[39m
     [90m 62 |[39m         [33m<[39m[33mul[39m[33m>[39m
    [31m[1m>[22m[39m[90m 63 |[39m           {transaction[33m.[39mitems[33m.[39mmap((item[33m,[39m index) [33m=>[39m (
     [90m    |[39m                              [31m[1m^[22m[39m
     [90m 64 |[39m             [33m<[39m[33mli[39m key[33m=[39m{index}[33m>[39m
     [90m 65 |[39m               [33m<[39m[33mspan[39m 
className[33m=[39m[32m"item-name"[39m[33m>[39m{item[33m.[39mname}[33m<[39m[33m/[39m[33mspan[39m[33m>[39m
     [90m 66 |[39m               [33m<[39m[33mspan[39m className[33m=[39m[32m"item-details"[39m[33m>[39m[0m

      at TransactionCard (src/components/TransactionManagement/TransactionCard.tsx:63:30)
      at renderWithHooks (node_modules/react-dom/cjs/react-dom.development.js:15486:18)
      at mountIndeterminateComponent (node_modules/react-dom/cjs/react-dom.development.js:20103:13)
      at beginWork (node_modules/react-dom/cjs/react-dom.development.js:21626:16)
      at beginWork$1 (node_modules/react-dom/cjs/react-dom.development.js:27465:14)
      at performUnitOfWork (node_modules/react-dom/cjs/react-dom.development.js:26599:12)
      at workLoopSync (node_modules/react-dom/cjs/react-dom.development.js:26505:5)
      at renderRootSync (node_modules/react-dom/cjs/react-dom.development.js:26473:7)
      at recoverFromConcurrentError (node_modules/react-dom/cjs/react-dom.development.js:25889:20)
      at performConcurrentWorkOnRoot (node_modules/react-dom/cjs/react-dom.development.js:25789:22)
      at flushActQueue (node_modules/react/cjs/react.development.js:2667:24)
      at act (node_modules/react/cjs/react.development.js:2582:11)
      at actWithWarning (node_modules/react-dom/cjs/react-dom-test-utils.development.js:1740:10)
      at node_modules/@testing-library/react/dist/act-compat.js:63:25
      at renderRoot (node_modules/@testing-library/react/dist/pure.js:159:26)
      at render (node_modules/@testing-library/react/dist/pure.js:246:10)
      at Object.<anonymous> (src/components/TransactionManagement/TransactionCard.test.tsx:46:11)

  ΓùÅ TransactionCard Component ΓÇ║ should call onEdit when edit button clicked

    TypeError: Cannot read properties of undefined (reading 'map')

    [0m [90m 61 |[39m         [33m<[39m[33mh4[39m[33m>[39m[33mItems[39m[33m:[39m[33m<[39m[33m/[39m[33mh4[39m[33m>[39m
     [90m 62 |[39m         [33m<[39m[33mul[39m[33m>[39m
    [31m[1m>[22m[39m[90m 63 |[39m           {transaction[33m.[39mitems[33m.[39mmap((item[33m,[39m index) [33m=>[39m (
     [90m    |[39m                              [31m[1m^[22m[39m
     [90m 64 |[39m             [33m<[39m[33mli[39m key[33m=[39m{index}[33m>[39m
     [90m 65 |[39m               [33m<[39m[33mspan[39m 
className[33m=[39m[32m"item-name"[39m[33m>[39m{item[33m.[39mname}[33m<[39m[33m/[39m[33mspan[39m[33m>[39m
     [90m 66 |[39m               [33m<[39m[33mspan[39m className[33m=[39m[32m"item-details"[39m[33m>[39m[0m

      at TransactionCard (src/components/TransactionManagement/TransactionCard.tsx:63:30)
      at renderWithHooks (node_modules/react-dom/cjs/react-dom.development.js:15486:18)
      at mountIndeterminateComponent (node_modules/react-dom/cjs/react-dom.development.js:20103:13)
      at beginWork (node_modules/react-dom/cjs/react-dom.development.js:21626:16)
      at beginWork$1 (node_modules/react-dom/cjs/react-dom.development.js:27465:14)
      at performUnitOfWork (node_modules/react-dom/cjs/react-dom.development.js:26599:12)
      at workLoopSync (node_modules/react-dom/cjs/react-dom.development.js:26505:5)
      at renderRootSync (node_modules/react-dom/cjs/react-dom.development.js:26473:7)
      at recoverFromConcurrentError (node_modules/react-dom/cjs/react-dom.development.js:25889:20)
      at performConcurrentWorkOnRoot (node_modules/react-dom/cjs/react-dom.development.js:25789:22)
      at flushActQueue (node_modules/react/cjs/react.development.js:2667:24)
      at act (node_modules/react/cjs/react.development.js:2582:11)
      at actWithWarning (node_modules/react-dom/cjs/react-dom-test-utils.development.js:1740:10)
      at node_modules/@testing-library/react/dist/act-compat.js:63:25
      at renderRoot (node_modules/@testing-library/react/dist/pure.js:159:26)
      at render (node_modules/@testing-library/react/dist/pure.js:246:10)
      at Object.<anonymous> (src/components/TransactionManagement/TransactionCard.test.tsx:57:11)

  ΓùÅ TransactionCard Component ΓÇ║ should call onDelete when delete button clicked

    TypeError: Cannot read properties of undefined (reading 'map')

    [0m [90m 61 |[39m         [33m<[39m[33mh4[39m[33m>[39m[33mItems[39m[33m:[39m[33m<[39m[33m/[39m[33mh4[39m[33m>[39m
     [90m 62 |[39m         [33m<[39m[33mul[39m[33m>[39m
    [31m[1m>[22m[39m[90m 63 |[39m           {transaction[33m.[39mitems[33m.[39mmap((item[33m,[39m index) [33m=>[39m (
     [90m    |[39m                              [31m[1m^[22m[39m
     [90m 64 |[39m             [33m<[39m[33mli[39m key[33m=[39m{index}[33m>[39m
     [90m 65 |[39m               [33m<[39m[33mspan[39m 
className[33m=[39m[32m"item-name"[39m[33m>[39m{item[33m.[39mname}[33m<[39m[33m/[39m[33mspan[39m[33m>[39m
     [90m 66 |[39m               [33m<[39m[33mspan[39m className[33m=[39m[32m"item-details"[39m[33m>[39m[0m

      at TransactionCard (src/components/TransactionManagement/TransactionCard.tsx:63:30)
      at renderWithHooks (node_modules/react-dom/cjs/react-dom.development.js:15486:18)
      at mountIndeterminateComponent (node_modules/react-dom/cjs/react-dom.development.js:20103:13)
      at beginWork (node_modules/react-dom/cjs/react-dom.development.js:21626:16)
      at beginWork$1 (node_modules/react-dom/cjs/react-dom.development.js:27465:14)
      at performUnitOfWork (node_modules/react-dom/cjs/react-dom.development.js:26599:12)
      at workLoopSync (node_modules/react-dom/cjs/react-dom.development.js:26505:5)
      at renderRootSync (node_modules/react-dom/cjs/react-dom.development.js:26473:7)
      at recoverFromConcurrentError (node_modules/react-dom/cjs/react-dom.development.js:25889:20)
      at performConcurrentWorkOnRoot (node_modules/react-dom/cjs/react-dom.development.js:25789:22)
      at flushActQueue (node_modules/react/cjs/react.development.js:2667:24)
      at act (node_modules/react/cjs/react.development.js:2582:11)
      at actWithWarning (node_modules/react-dom/cjs/react-dom-test-utils.development.js:1740:10)
      at node_modules/@testing-library/react/dist/act-compat.js:63:25
      at renderRoot (node_modules/@testing-library/react/dist/pure.js:159:26)
      at render (node_modules/@testing-library/react/dist/pure.js:246:10)
      at Object.<anonymous> (src/components/TransactionManagement/TransactionCard.test.tsx:75:11)

  ΓùÅ TransactionCard Component ΓÇ║ should display date information

    TypeError: Cannot read properties of undefined (reading 'map')

    [0m [90m 61 |[39m         [33m<[39m[33mh4[39m[33m>[39m[33mItems[39m[33m:[39m[33m<[39m[33m/[39m[33mh4[39m[33m>[39m
     [90m 62 |[39m         [33m<[39m[33mul[39m[33m>[39m
    [31m[1m>[22m[39m[90m 63 |[39m           {transaction[33m.[39mitems[33m.[39mmap((item[33m,[39m index) [33m=>[39m (
     [90m    |[39m                              [31m[1m^[22m[39m
     [90m 64 |[39m             [33m<[39m[33mli[39m key[33m=[39m{index}[33m>[39m
     [90m 65 |[39m               [33m<[39m[33mspan[39m 
className[33m=[39m[32m"item-name"[39m[33m>[39m{item[33m.[39mname}[33m<[39m[33m/[39m[33mspan[39m[33m>[39m
     [90m 66 |[39m               [33m<[39m[33mspan[39m className[33m=[39m[32m"item-details"[39m[33m>[39m[0m

      at TransactionCard (src/components/TransactionManagement/TransactionCard.tsx:63:30)
      at renderWithHooks (node_modules/react-dom/cjs/react-dom.development.js:15486:18)
      at mountIndeterminateComponent (node_modules/react-dom/cjs/react-dom.development.js:20103:13)
      at beginWork (node_modules/react-dom/cjs/react-dom.development.js:21626:16)
      at beginWork$1 (node_modules/react-dom/cjs/react-dom.development.js:27465:14)
      at performUnitOfWork (node_modules/react-dom/cjs/react-dom.development.js:26599:12)
      at workLoopSync (node_modules/react-dom/cjs/react-dom.development.js:26505:5)
      at renderRootSync (node_modules/react-dom/cjs/react-dom.development.js:26473:7)
      at recoverFromConcurrentError (node_modules/react-dom/cjs/react-dom.development.js:25889:20)
      at performConcurrentWorkOnRoot (node_modules/react-dom/cjs/react-dom.development.js:25789:22)
      at flushActQueue (node_modules/react/cjs/react.development.js:2667:24)
      at act (node_modules/react/cjs/react.development.js:2582:11)
      at actWithWarning (node_modules/react-dom/cjs/react-dom-test-utils.development.js:1740:10)
      at node_modules/@testing-library/react/dist/act-compat.js:63:25
      at renderRoot (node_modules/@testing-library/react/dist/pure.js:159:26)
      at render (node_modules/@testing-library/react/dist/pure.js:246:10)
      at Object.<anonymous> (src/components/TransactionManagement/TransactionCard.test.tsx:93:11)

  ΓùÅ TransactionCard Component ΓÇ║ should render card without crashing

    TypeError: Cannot read properties of undefined (reading 'map')

    [0m [90m 61 |[39m         [33m<[39m[33mh4[39m[33m>[39m[33mItems[39m[33m:[39m[33m<[39m[33m/[39m[33mh4[39m[33m>[39m
     [90m 62 |[39m         [33m<[39m[33mul[39m[33m>[39m
    [31m[1m>[22m[39m[90m 63 |[39m           {transaction[33m.[39mitems[33m.[39mmap((item[33m,[39m index) [33m=>[39m (
     [90m    |[39m                              [31m[1m^[22m[39m
     [90m 64 |[39m             [33m<[39m[33mli[39m key[33m=[39m{index}[33m>[39m
     [90m 65 |[39m               [33m<[39m[33mspan[39m 
className[33m=[39m[32m"item-name"[39m[33m>[39m{item[33m.[39mname}[33m<[39m[33m/[39m[33mspan[39m[33m>[39m
     [90m 66 |[39m               [33m<[39m[33mspan[39m className[33m=[39m[32m"item-details"[39m[33m>[39m[0m

      at TransactionCard (src/components/TransactionManagement/TransactionCard.tsx:63:30)
      at renderWithHooks (node_modules/react-dom/cjs/react-dom.development.js:15486:18)
      at mountIndeterminateComponent (node_modules/react-dom/cjs/react-dom.development.js:20103:13)
      at beginWork (node_modules/react-dom/cjs/react-dom.development.js:21626:16)
      at beginWork$1 (node_modules/react-dom/cjs/react-dom.development.js:27465:14)
      at performUnitOfWork (node_modules/react-dom/cjs/react-dom.development.js:26599:12)
      at workLoopSync (node_modules/react-dom/cjs/react-dom.development.js:26505:5)
      at renderRootSync (node_modules/react-dom/cjs/react-dom.development.js:26473:7)
      at recoverFromConcurrentError (node_modules/react-dom/cjs/react-dom.development.js:25889:20)
      at performConcurrentWorkOnRoot (node_modules/react-dom/cjs/react-dom.development.js:25789:22)
      at flushActQueue (node_modules/react/cjs/react.development.js:2667:24)
      at act (node_modules/react/cjs/react.development.js:2582:11)
      at actWithWarning (node_modules/react-dom/cjs/react-dom-test-utils.development.js:1740:10)
      at node_modules/@testing-library/react/dist/act-compat.js:63:25
      at renderRoot (node_modules/@testing-library/react/dist/pure.js:159:26)
      at render (node_modules/@testing-library/react/dist/pure.js:246:10)
      at Object.<anonymous> (src/components/TransactionManagement/TransactionCard.test.tsx:104:33)

(node:21408) [DEP0040] DeprecationWarning: The `punycode` module is deprecated. Please use a userland alternative instead.
(Use `node --trace-deprecation ...` to show where the warning was created)
FAIL src/components/RepairManagement/RepairCard.test.tsx
  ΓùÅ RepairCard Component ΓÇ║ should render repair card

    useAuth must be used within an AuthProvider

    [0m [90m 23 |[39m   [36mconst[39m context [33m=[39m useContext([33mAuthContext[39m)[33m;[39m
     [90m 24 |[39m   [36mif[39m ([33m![39mcontext) {
    [31m[1m>[22m[39m[90m 25 |[39m     [36mthrow[39m [36mnew[39m [33mError[39m([32m'useAuth must be used within an AuthProvider'[39m)[33m;[39m
     [90m    |[39m           [31m[1m^[22m[39m
     [90m 26 |[39m   }
     [90m 27 |[39m   [36mreturn[39m context[33m;[39m
     [90m 28 |[39m }[33m;[39m[0m

      at useAuth (src/context/AuthContext.tsx:25:11)
      at RepairCard (src/components/RepairManagement/RepairCard.tsx:18:27)
      at renderWithHooks (node_modules/react-dom/cjs/react-dom.development.js:15486:18)
      at mountIndeterminateComponent (node_modules/react-dom/cjs/react-dom.development.js:20103:13)
      at beginWork (node_modules/react-dom/cjs/react-dom.development.js:21626:16)
      at beginWork$1 (node_modules/react-dom/cjs/react-dom.development.js:27465:14)
      at performUnitOfWork (node_modules/react-dom/cjs/react-dom.development.js:26599:12)
      at workLoopSync (node_modules/react-dom/cjs/react-dom.development.js:26505:5)
      at renderRootSync (node_modules/react-dom/cjs/react-dom.development.js:26473:7)
      at recoverFromConcurrentError (node_modules/react-dom/cjs/react-dom.development.js:25889:20)
      at performConcurrentWorkOnRoot (node_modules/react-dom/cjs/react-dom.development.js:25789:22)
      at flushActQueue (node_modules/react/cjs/react.development.js:2667:24)
      at act (node_modules/react/cjs/react.development.js:2582:11)
      at actWithWarning (node_modules/react-dom/cjs/react-dom-test-utils.development.js:1740:10)
      at node_modules/@testing-library/react/dist/act-compat.js:63:25
      at renderRoot (node_modules/@testing-library/react/dist/pure.js:159:26)
      at render (node_modules/@testing-library/react/dist/pure.js:246:10)
      at Object.<anonymous> (src/components/RepairManagement/RepairCard.test.tsx:24:11)

  ΓùÅ RepairCard Component ΓÇ║ should display repair cost

    useAuth must be used within an AuthProvider

    [0m [90m 23 |[39m   [36mconst[39m context [33m=[39m useContext([33mAuthContext[39m)[33m;[39m
     [90m 24 |[39m   [36mif[39m ([33m![39mcontext) {
    [31m[1m>[22m[39m[90m 25 |[39m     [36mthrow[39m [36mnew[39m [33mError[39m([32m'useAuth must be used within an AuthProvider'[39m)[33m;[39m
     [90m    |[39m           [31m[1m^[22m[39m
     [90m 26 |[39m   }
     [90m 27 |[39m   [36mreturn[39m context[33m;[39m
     [90m 28 |[39m }[33m;[39m[0m

      at useAuth (src/context/AuthContext.tsx:25:11)
      at RepairCard (src/components/RepairManagement/RepairCard.tsx:18:27)
      at renderWithHooks (node_modules/react-dom/cjs/react-dom.development.js:15486:18)
      at mountIndeterminateComponent (node_modules/react-dom/cjs/react-dom.development.js:20103:13)
      at beginWork (node_modules/react-dom/cjs/react-dom.development.js:21626:16)
      at beginWork$1 (node_modules/react-dom/cjs/react-dom.development.js:27465:14)
      at performUnitOfWork (node_modules/react-dom/cjs/react-dom.development.js:26599:12)
      at workLoopSync (node_modules/react-dom/cjs/react-dom.development.js:26505:5)
      at renderRootSync (node_modules/react-dom/cjs/react-dom.development.js:26473:7)
      at recoverFromConcurrentError (node_modules/react-dom/cjs/react-dom.development.js:25889:20)
      at performConcurrentWorkOnRoot (node_modules/react-dom/cjs/react-dom.development.js:25789:22)
      at flushActQueue (node_modules/react/cjs/react.development.js:2667:24)
      at act (node_modules/react/cjs/react.development.js:2582:11)
      at actWithWarning (node_modules/react-dom/cjs/react-dom-test-utils.development.js:1740:10)
      at node_modules/@testing-library/react/dist/act-compat.js:63:25
      at renderRoot (node_modules/@testing-library/react/dist/pure.js:159:26)
      at render (node_modules/@testing-library/react/dist/pure.js:246:10)
      at Object.<anonymous> (src/components/RepairManagement/RepairCard.test.tsx:35:11)

  ΓùÅ RepairCard Component ΓÇ║ should display repair status

    useAuth must be used within an AuthProvider

    [0m [90m 23 |[39m   [36mconst[39m context [33m=[39m useContext([33mAuthContext[39m)[33m;[39m
     [90m 24 |[39m   [36mif[39m ([33m![39mcontext) {
    [31m[1m>[22m[39m[90m 25 |[39m     [36mthrow[39m [36mnew[39m [33mError[39m([32m'useAuth must be used within an AuthProvider'[39m)[33m;[39m
     [90m    |[39m           [31m[1m^[22m[39m
     [90m 26 |[39m   }
     [90m 27 |[39m   [36mreturn[39m context[33m;[39m
     [90m 28 |[39m }[33m;[39m[0m

      at useAuth (src/context/AuthContext.tsx:25:11)
      at RepairCard (src/components/RepairManagement/RepairCard.tsx:18:27)
      at renderWithHooks (node_modules/react-dom/cjs/react-dom.development.js:15486:18)
      at mountIndeterminateComponent (node_modules/react-dom/cjs/react-dom.development.js:20103:13)
      at beginWork (node_modules/react-dom/cjs/react-dom.development.js:21626:16)
      at beginWork$1 (node_modules/react-dom/cjs/react-dom.development.js:27465:14)
      at performUnitOfWork (node_modules/react-dom/cjs/react-dom.development.js:26599:12)
      at workLoopSync (node_modules/react-dom/cjs/react-dom.development.js:26505:5)
      at renderRootSync (node_modules/react-dom/cjs/react-dom.development.js:26473:7)
      at recoverFromConcurrentError (node_modules/react-dom/cjs/react-dom.development.js:25889:20)
      at performConcurrentWorkOnRoot (node_modules/react-dom/cjs/react-dom.development.js:25789:22)
      at flushActQueue (node_modules/react/cjs/react.development.js:2667:24)
      at act (node_modules/react/cjs/react.development.js:2582:11)
      at actWithWarning (node_modules/react-dom/cjs/react-dom-test-utils.development.js:1740:10)
      at node_modules/@testing-library/react/dist/act-compat.js:63:25
      at renderRoot (node_modules/@testing-library/react/dist/pure.js:159:26)
      at render (node_modules/@testing-library/react/dist/pure.js:246:10)
      at Object.<anonymous> (src/components/RepairManagement/RepairCard.test.tsx:46:11)

  ΓùÅ RepairCard Component ΓÇ║ should call onEdit when edit button clicked

    useAuth must be used within an AuthProvider

    [0m [90m 23 |[39m   [36mconst[39m context [33m=[39m useContext([33mAuthContext[39m)[33m;[39m
     [90m 24 |[39m   [36mif[39m ([33m![39mcontext) {
    [31m[1m>[22m[39m[90m 25 |[39m     [36mthrow[39m [36mnew[39m [33mError[39m([32m'useAuth must be used within an AuthProvider'[39m)[33m;[39m
     [90m    |[39m           [31m[1m^[22m[39m
     [90m 26 |[39m   }
     [90m 27 |[39m   [36mreturn[39m context[33m;[39m
     [90m 28 |[39m }[33m;[39m[0m

      at useAuth (src/context/AuthContext.tsx:25:11)
      at RepairCard (src/components/RepairManagement/RepairCard.tsx:18:27)
      at renderWithHooks (node_modules/react-dom/cjs/react-dom.development.js:15486:18)
      at mountIndeterminateComponent (node_modules/react-dom/cjs/react-dom.development.js:20103:13)
      at beginWork (node_modules/react-dom/cjs/react-dom.development.js:21626:16)
      at beginWork$1 (node_modules/react-dom/cjs/react-dom.development.js:27465:14)
      at performUnitOfWork (node_modules/react-dom/cjs/react-dom.development.js:26599:12)
      at workLoopSync (node_modules/react-dom/cjs/react-dom.development.js:26505:5)
      at renderRootSync (node_modules/react-dom/cjs/react-dom.development.js:26473:7)
      at recoverFromConcurrentError (node_modules/react-dom/cjs/react-dom.development.js:25889:20)
      at performConcurrentWorkOnRoot (node_modules/react-dom/cjs/react-dom.development.js:25789:22)
      at flushActQueue (node_modules/react/cjs/react.development.js:2667:24)
      at act (node_modules/react/cjs/react.development.js:2582:11)
      at actWithWarning (node_modules/react-dom/cjs/react-dom-test-utils.development.js:1740:10)
      at node_modules/@testing-library/react/dist/act-compat.js:63:25
      at renderRoot (node_modules/@testing-library/react/dist/pure.js:159:26)
      at render (node_modules/@testing-library/react/dist/pure.js:246:10)
      at Object.<anonymous> (src/components/RepairManagement/RepairCard.test.tsx:57:11)

  ΓùÅ RepairCard Component ΓÇ║ should call onDelete when delete button clicked

    useAuth must be used within an AuthProvider

    [0m [90m 23 |[39m   [36mconst[39m context [33m=[39m useContext([33mAuthContext[39m)[33m;[39m
     [90m 24 |[39m   [36mif[39m ([33m![39mcontext) {
    [31m[1m>[22m[39m[90m 25 |[39m     [36mthrow[39m [36mnew[39m [33mError[39m([32m'useAuth must be used within an AuthProvider'[39m)[33m;[39m
     [90m    |[39m           [31m[1m^[22m[39m
     [90m 26 |[39m   }
     [90m 27 |[39m   [36mreturn[39m context[33m;[39m
     [90m 28 |[39m }[33m;[39m[0m

      at useAuth (src/context/AuthContext.tsx:25:11)
      at RepairCard (src/components/RepairManagement/RepairCard.tsx:18:27)
      at renderWithHooks (node_modules/react-dom/cjs/react-dom.development.js:15486:18)
      at mountIndeterminateComponent (node_modules/react-dom/cjs/react-dom.development.js:20103:13)
      at beginWork (node_modules/react-dom/cjs/react-dom.development.js:21626:16)
      at beginWork$1 (node_modules/react-dom/cjs/react-dom.development.js:27465:14)
      at performUnitOfWork (node_modules/react-dom/cjs/react-dom.development.js:26599:12)
      at workLoopSync (node_modules/react-dom/cjs/react-dom.development.js:26505:5)
      at renderRootSync (node_modules/react-dom/cjs/react-dom.development.js:26473:7)
      at recoverFromConcurrentError (node_modules/react-dom/cjs/react-dom.development.js:25889:20)
      at performConcurrentWorkOnRoot (node_modules/react-dom/cjs/react-dom.development.js:25789:22)
      at flushActQueue (node_modules/react/cjs/react.development.js:2667:24)
      at act (node_modules/react/cjs/react.development.js:2582:11)
      at actWithWarning (node_modules/react-dom/cjs/react-dom-test-utils.development.js:1740:10)
      at node_modules/@testing-library/react/dist/act-compat.js:63:25
      at renderRoot (node_modules/@testing-library/react/dist/pure.js:159:26)
      at render (node_modules/@testing-library/react/dist/pure.js:246:10)
      at Object.<anonymous> (src/components/RepairManagement/RepairCard.test.tsx:75:11)

  ΓùÅ RepairCard Component ΓÇ║ should display date created

    useAuth must be used within an AuthProvider

    [0m [90m 23 |[39m   [36mconst[39m context [33m=[39m useContext([33mAuthContext[39m)[33m;[39m
     [90m 24 |[39m   [36mif[39m ([33m![39mcontext) {
    [31m[1m>[22m[39m[90m 25 |[39m     [36mthrow[39m [36mnew[39m [33mError[39m([32m'useAuth must be used within an AuthProvider'[39m)[33m;[39m
     [90m    |[39m           [31m[1m^[22m[39m
     [90m 26 |[39m   }
     [90m 27 |[39m   [36mreturn[39m context[33m;[39m
     [90m 28 |[39m }[33m;[39m[0m

      at useAuth (src/context/AuthContext.tsx:25:11)
      at RepairCard (src/components/RepairManagement/RepairCard.tsx:18:27)
      at renderWithHooks (node_modules/react-dom/cjs/react-dom.development.js:15486:18)
      at mountIndeterminateComponent (node_modules/react-dom/cjs/react-dom.development.js:20103:13)
      at beginWork (node_modules/react-dom/cjs/react-dom.development.js:21626:16)
      at beginWork$1 (node_modules/react-dom/cjs/react-dom.development.js:27465:14)
      at performUnitOfWork (node_modules/react-dom/cjs/react-dom.development.js:26599:12)
      at workLoopSync (node_modules/react-dom/cjs/react-dom.development.js:26505:5)
      at renderRootSync (node_modules/react-dom/cjs/react-dom.development.js:26473:7)
      at recoverFromConcurrentError (node_modules/react-dom/cjs/react-dom.development.js:25889:20)
      at performConcurrentWorkOnRoot (node_modules/react-dom/cjs/react-dom.development.js:25789:22)
      at flushActQueue (node_modules/react/cjs/react.development.js:2667:24)
      at act (node_modules/react/cjs/react.development.js:2582:11)
      at actWithWarning (node_modules/react-dom/cjs/react-dom-test-utils.development.js:1740:10)
      at node_modules/@testing-library/react/dist/act-compat.js:63:25
      at renderRoot (node_modules/@testing-library/react/dist/pure.js:159:26)
      at render (node_modules/@testing-library/react/dist/pure.js:246:10)
      at Object.<anonymous> (src/components/RepairManagement/RepairCard.test.tsx:93:11)

  ΓùÅ RepairCard Component ΓÇ║ should render card without crashing

    useAuth must be used within an AuthProvider

    [0m [90m 23 |[39m   [36mconst[39m context [33m=[39m useContext([33mAuthContext[39m)[33m;[39m
     [90m 24 |[39m   [36mif[39m ([33m![39mcontext) {
    [31m[1m>[22m[39m[90m 25 |[39m     [36mthrow[39m [36mnew[39m [33mError[39m([32m'useAuth must be used within an AuthProvider'[39m)[33m;[39m
     [90m    |[39m           [31m[1m^[22m[39m
     [90m 26 |[39m   }
     [90m 27 |[39m   [36mreturn[39m context[33m;[39m
     [90m 28 |[39m }[33m;[39m[0m

      at useAuth (src/context/AuthContext.tsx:25:11)
      at RepairCard (src/components/RepairManagement/RepairCard.tsx:18:27)
      at renderWithHooks (node_modules/react-dom/cjs/react-dom.development.js:15486:18)
      at mountIndeterminateComponent (node_modules/react-dom/cjs/react-dom.development.js:20103:13)
      at beginWork (node_modules/react-dom/cjs/react-dom.development.js:21626:16)
      at beginWork$1 (node_modules/react-dom/cjs/react-dom.development.js:27465:14)
      at performUnitOfWork (node_modules/react-dom/cjs/react-dom.development.js:26599:12)
      at workLoopSync (node_modules/react-dom/cjs/react-dom.development.js:26505:5)
      at renderRootSync (node_modules/react-dom/cjs/react-dom.development.js:26473:7)
      at recoverFromConcurrentError (node_modules/react-dom/cjs/react-dom.development.js:25889:20)
      at performConcurrentWorkOnRoot (node_modules/react-dom/cjs/react-dom.development.js:25789:22)
      at flushActQueue (node_modules/react/cjs/react.development.js:2667:24)
      at act (node_modules/react/cjs/react.development.js:2582:11)
      at actWithWarning (node_modules/react-dom/cjs/react-dom-test-utils.development.js:1740:10)
      at node_modules/@testing-library/react/dist/act-compat.js:63:25
      at renderRoot (node_modules/@testing-library/react/dist/pure.js:159:26)
      at render (node_modules/@testing-library/react/dist/pure.js:246:10)
      at Object.<anonymous> (src/components/RepairManagement/RepairCard.test.tsx:104:33)

PASS src/components/PrivateRoute.test.tsx
PASS src/pages/Login.test.tsx
PASS src/pages/Suppliers.test.tsx
(node:4232) [DEP0040] DeprecationWarning: The `punycode` module is deprecated. Please use a userland alternative instead.
(Use `node --trace-deprecation ...` to show where the warning was created)
FAIL src/pages/Repairs.test.tsx (5.242 s)
  ΓùÅ Repairs Page ΓÇ║ should render repairs page

    TestingLibraryElementError: Unable to find an element with the text: Repairs. This could be because the text is broken up by multiple elements. In this 
case, you can provide a function for your text matcher to make your matcher more flexible.

    Ignored nodes: comments, script, style
    [36m<body>[39m
      [36m<div>[39m
        [36m<div[39m
          [33mclass[39m=[32m"repairs-page"[39m
        [36m>[39m
          [36m<div[39m
            [33mclass[39m=[32m"page-header"[39m
          [36m>[39m
            [36m<h1>[39m
              [0mRepair Management[0m
            [36m</h1>[39m
            [36m<p[39m
              [33mclass[39m=[32m"welcome-text"[39m
            [36m>[39m
              [0mTrack repair items, costs, and charges[0m
            [36m</p>[39m
          [36m</div>[39m
          [36m<div[39m
            [33mclass[39m=[32m"repair-management"[39m
          [36m>[39m
            [36m<div[39m
              [33mclass[39m=[32m"error-banner"[39m
            [36m>[39m
              [0mFailed to fetch repairs[0m
            [36m</div>[39m
            [36m<div[39m
              [33mclass[39m=[32m"repair-stats"[39m
            [36m>[39m
              [36m<div[39m
                [33mclass[39m=[32m"stat-card"[39m
              [36m>[39m
                [36m<div[39m
                  [33mclass[39m=[32m"stat-value"[39m
                  [33mstyle[39m=[32m"color: rgb(49, 130, 206);"[39m
                [36m>[39m
                  [0m0[0m
                [36m</div>[39m
                [36m<div[39m
                  [33mclass[39m=[32m"stat-label"[39m
                [36m>[39m
                  [0mTotal Repairs[0m
                [36m</div>[39m
              [36m</div>[39m
              [36m<div[39m
                [33mclass[39m=[32m"stat-card"[39m
              [36m>[39m
                [36m<div[39m
                  [33mclass[39m=[32m"stat-value"[39m
                  [33mstyle[39m=[32m"color: rgb(214, 158, 46);"[39m
                [36m>[39m
                  [0m0[0m
                [36m</div>[39m
                [36m<div[39m
                  [33mclass[39m=[32m"stat-label"[39m
                [36m>[39m
                  [0mPending[0m
                [36m</div>[39m
              [36m</div>[39m
              [36m<div[39m
                [33mclass[39m=[32m"stat-card"[39m
              [36m>[39m
                [36m<div[39m
                  [33mclass[39m=[32m"stat-value"[39m
                  [33mstyle[39m=[32m"color: rgb(214, 158, 46);"[39m
                [36m>[39m
                  [0m0[0m
                [36m</div>[39m
                [36m<div[39m
                  [33mclass[39m=[32m"stat-label"[39m
                [36m>[39m
                  [0mIn Progress[0m
                [36m</div>[39m
              [36m</div>[39m
              [36m<div[39m
                [33mclass[39m=[32m"stat-card"[39m
              [36m>[39m
                [36m<div[39m
                  [33mclass[39m=[32m"stat-value"[39m
                  [33mstyle[39m=[32m"color: rgb(49, 130, 206);"[39m
                [36m>[39m
                  [0m0[0m
                [36m</div>[39m
                [36m<div[39m
                  [33mclass[39m=[32m"stat-label"[39m
                [36m>[39m
                  [0mRepaired[0m
                [36m</div>[39m
              [36m</div>[39m
              [36m<div[39m
                [33mclass[39m=[32m"stat-card"[39m
              [36m>[39m
                [36m<div[39m
                  [33mclass[39m=[32m"stat-value"[39m
                  [33mstyle[39m=[32m"color: rgb(56, 161, 105);"[39m
                [36m>[39m
                  [0m0[0m
                [36m</div>[39m
                [36m<div[39m
                  [33mclass[39m=[32m"stat-label"[39m
                [36m>[39m
                  [0mDelivered[0m
                [36m</div>[39m
              [36m</div>[39m
              [36m<div[39m
                [33mclass[39m=[32m"stat-card"[39m
              [36m>[39m
                [36m<div[39m
                  [33mclass[39m=[32m"stat-value"[39m
                  [33mstyle[39m=[32m"color: rgb(229, 62, 62);"[39m
                [36m>[39m
                  [0m0[0m
                [36m</div>[39m
                [36m<div[39m
                  [33mclass[39m=[32m"stat-label"[39m
                [36m>[39m
                  [0mCancelled[0m
                [36m</div>[39m
              [36m</div>[39m
            [36m</div>[39m
            [36m<div[39m
              [33mclass[39m=[32m"repair-controls"[39m
            [36m>[39m
              [36m<div[39m
                [33mclass[39m=[32m"repair-search"[39m
              [36m>[39m
                [36m<input[39m
                  [33mclass[39m=[32m"search-input"[39m
                  [33mplaceholder[39m=[32m"Search by Bill No or Customer Name..."[39m
                  [33mtype[39m=[32m"text"[39m
                  [33mvalue[39m=[32m""[39m
                [36m/>[39m
              [36m</div>[39m
              [36m<div[39m
                [33mclass[39m=[32m"repair-actions"[39m
              [36m>[39m
                [36m<button[39m
                  [33mclass[39m=[32m"create-button"[39m
                [36m>[39m
                  [0m+ New Repair Record[0m
                [36m</button>[39m
              [36m</div>[39m
            [36m</div>[39m
            [36m<div[39m
              [33mclass[39m=[32m"repair-list-empty"[39m
            [36m>[39m
              [36m<p>[39m
                [0mNo repair records found. Create your first repair record to get started.[0m
              [36m</p>[39m
            [36m</div>[39m
          [36m</div>[39m
        [36m</div>[39m
      [36m</div>[39m
    [36m</body>[39m

    [0m [90m 23 |[39m   test([32m'should render repairs page'[39m[33m,[39m () [33m=>[39m {
     [90m 24 |[39m     renderWithProviders([33m<[39m[33mRepairs[39m [33m/[39m[33m>[39m)[33m;[39m
    [31m[1m>[22m[39m[90m 25 |[39m     expect(screen[33m.[39mgetByText([32m'Repairs'[39m))[33m.[39mtoBeInTheDocument()[33m;[39m
     [90m    |[39m                   [31m[1m^[22m[39m
     [90m 26 |[39m   })[33m;[39m
     [90m 27 |[39m
     [90m 28 |[39m   test([32m'should display page heading'[39m[33m,[39m () [33m=>[39m {[0m

      at Object.getElementError (node_modules/@testing-library/react/node_modules/@testing-library/dom/dist/config.js:37:19)
      at node_modules/@testing-library/react/node_modules/@testing-library/dom/dist/query-helpers.js:76:38
      at node_modules/@testing-library/react/node_modules/@testing-library/dom/dist/query-helpers.js:52:17
      at getByText (node_modules/@testing-library/react/node_modules/@testing-library/dom/dist/query-helpers.js:95:19)
      at Object.<anonymous> (src/pages/Repairs.test.tsx:25:19)

PASS src/components/Sidebar/Sidebar.test.tsx
PASS src/pages/Users.test.tsx
PASS src/components/TransactionManagement/TransactionList.test.tsx
PASS src/components/Header/Header.test.tsx
PASS src/utils/currency.test.ts
PASS src/pages/Dashboard.test.tsx
PASS src/App.test.tsx
PASS src/components/ComponentInteraction.test.tsx
--------------------------------------|---------|----------|---------|---------|------------------------------------------------------------
File                                  | % Stmts | % Branch | % Funcs | % Lines | Uncovered Line #s                                          
--------------------------------------|---------|----------|---------|---------|------------------------------------------------------------
All files                             |    32.6 |    19.82 |    22.5 |   33.19 |                                                            
 src                                  |      50 |       25 |     100 |   54.54 |                                                            
  App.tsx                             |   57.14 |       25 |     100 |   66.66 | 16-18                                                      
  index.tsx                           |       0 |      100 |     100 |       0 | 6-9                                                        
 src/components                       |      80 |       50 |     100 |      80 |                                                            
  PrivateRoute.tsx                    |      80 |       50 |     100 |      80 | 16                                                         
 src/components/Header                |   71.42 |      100 |      50 |   71.42 |                                                            
  Header.tsx                          |   71.42 |      100 |      50 |   71.42 | 11-12                                                      
 src/components/RepairManagement      |   29.23 |    13.52 |   17.64 |   30.76 |                                                            
  RepairCard.tsx                      |    7.14 |        0 |   16.66 |     7.4 | 19-86                                                      
  RepairChart.tsx                     |    2.56 |        0 |       0 |    2.56 | 25-170                                                     
  RepairForm.tsx                      |    2.77 |        0 |       0 |    2.85 | 18-113                                                     
  RepairList.tsx                      |   71.42 |       40 |      50 |   71.42 | 43-55                                                      
  RepairManagement.tsx                |   51.61 |    36.84 |   30.76 |   54.23 | 50-51,60-61,65-66,70-71,75-76,80-85,98-102,110-114,140-145 
  RepairStats.tsx                     |   69.56 |    83.33 |      30 |     100 | 71                                                         
 src/components/Sidebar               |   77.27 |    58.33 |   42.85 |   78.94 |                                                            
  Sidebar.tsx                         |   77.27 |    58.33 |   42.85 |   78.94 | 39,43,55-57                                                
 src/components/SupplierManagement    |   15.04 |       15 |    5.63 |   15.48 |                                                            
  SupplierBills.tsx                   |    2.46 |        0 |       0 |    2.53 | 12-122,179-248                                             
  SupplierDues.tsx                    |    3.84 |        0 |       0 |       4 | 23-98                                                      
  SupplierForm.tsx                    |    4.16 |        0 |       0 |    4.34 | 17-68                                                      
  SupplierList.tsx                    |   45.45 |    26.31 |   16.66 |      50 | 36-56                                                      
  SupplierManagement.tsx              |      52 |     37.2 |   23.07 |      52 | 66-67,78-79,83-84,88-89,93-94,98-100,111-164               
  SupplierPayments.tsx                |     3.7 |        0 |       0 |    3.84 | 12-82,133-182                                              
 src/components/TransactionManagement |    33.6 |    27.14 |   17.07 |   33.88 |                                                            
  TransactionCard.tsx                 |   33.33 |    54.54 |   14.28 |   33.33 | 20,40-96                                                   
  TransactionForm.tsx                 |       2 |        0 |       0 |    2.04 | 18-177                                                     
  TransactionList.tsx                 |   71.42 |       75 |      50 |   71.42 | 37-45                                                      
  TransactionManagement.tsx           |   54.76 |       50 |   33.33 |   54.76 | 44-45,54-55,59-60,64-65,69-70,74-81,86-91                  
  TransactionStats.tsx                |   64.28 |        0 |   28.57 |   64.28 | 13,16,19,22-23                                             
 src/context                          |   48.48 |       50 |      60 |   48.48 |                                                            
  AuthContext.tsx                     |   48.48 |       50 |      60 |   48.48 | 44-46,51-61,66-70                                          
 src/pages                            |   56.41 |    26.66 |   68.75 |   57.53 |                                                            
  Dashboard.tsx                       |      60 |       50 |     100 |      70 | 18-21                                                      
  Login.tsx                           |   57.89 |    33.33 |      75 |   57.89 | 15-25                                                      
  Repairs.tsx                         |     100 |      100 |     100 |     100 |                                                            
  Suppliers.tsx                       |     100 |      100 |     100 |     100 |                                                            
  Transactions.tsx                    |     100 |      100 |     100 |     100 |                                                            
  Users.tsx                           |   44.44 |     8.69 |   33.33 |   44.44 | 35-41,48,53,57-70,88-164                                   
 src/utils                            |   91.66 |       50 |     100 |   91.66 |                                                            
  currency.ts                         |   91.66 |       50 |     100 |   91.66 | 18                                                         
--------------------------------------|---------|----------|---------|---------|------------------------------------------------------------

Test Suites: 7 failed, 11 passed, 18 total
Tests:       37 failed, 72 passed, 109 total
Snapshots:   0 total
Time:        10.249 s
Ran all test suites.
